Archive member included to satisfy reference by file (symbol)

c:/gcc-arm-none-eabi-10.3-2021.10/bin/../lib/gcc/arm-none-eabi/10.3.1/thumb/v7-m/nofp\libgcc.a(_arm_muldf3.o)
                              CMakeFiles/MotorPID.elf.dir/Core/Src/main.c.obj (__aeabi_dmul)
c:/gcc-arm-none-eabi-10.3-2021.10/bin/../lib/gcc/arm-none-eabi/10.3.1/thumb/v7-m/nofp\libgcc.a(_arm_mulsf3.o)
                              CMakeFiles/MotorPID.elf.dir/Core/Src/PID.c.obj (__aeabi_fmul)
c:/gcc-arm-none-eabi-10.3-2021.10/bin/../lib/gcc/arm-none-eabi/10.3.1/thumb/v7-m/nofp\libgcc.a(_arm_addsubdf3.o)
                              CMakeFiles/MotorPID.elf.dir/Core/Src/main.c.obj (__aeabi_i2d)
c:/gcc-arm-none-eabi-10.3-2021.10/bin/../lib/gcc/arm-none-eabi/10.3.1/thumb/v7-m/nofp\libgcc.a(_arm_fixdfsi.o)
                              CMakeFiles/MotorPID.elf.dir/Core/Src/main.c.obj (__aeabi_d2iz)
c:/gcc-arm-none-eabi-10.3-2021.10/bin/../lib/gcc/arm-none-eabi/10.3.1/thumb/v7-m/nofp\libgcc.a(_arm_addsubsf3.o)
                              CMakeFiles/MotorPID.elf.dir/Core/Src/PID.c.obj (__aeabi_fsub)
c:/gcc-arm-none-eabi-10.3-2021.10/bin/../lib/gcc/arm-none-eabi/10.3.1/thumb/v7-m/nofp\libgcc.a(_arm_cmpsf2.o)
                              CMakeFiles/MotorPID.elf.dir/Core/Src/PID.c.obj (__aeabi_fcmplt)
c:/gcc-arm-none-eabi-10.3-2021.10/bin/../lib/gcc/arm-none-eabi/10.3.1/thumb/v7-m/nofp\libgcc.a(_arm_fixsfsi.o)
                              CMakeFiles/MotorPID.elf.dir/Core/Src/main.c.obj (__aeabi_f2iz)
c:/gcc-arm-none-eabi-10.3-2021.10/bin/../lib/gcc/arm-none-eabi/10.3.1/../../../../arm-none-eabi/lib/thumb/v7-m/nofp\libg.a(lib_a-errno.o)
                              CMakeFiles/MotorPID.elf.dir/Core/Src/syscalls.c.obj (__errno)
c:/gcc-arm-none-eabi-10.3-2021.10/bin/../lib/gcc/arm-none-eabi/10.3.1/../../../../arm-none-eabi/lib/thumb/v7-m/nofp\libg.a(lib_a-exit.o)
                              c:/gcc-arm-none-eabi-10.3-2021.10/bin/../lib/gcc/arm-none-eabi/10.3.1/../../../../arm-none-eabi/lib/thumb/v7-m/nofp/crt0.o (exit)
c:/gcc-arm-none-eabi-10.3-2021.10/bin/../lib/gcc/arm-none-eabi/10.3.1/../../../../arm-none-eabi/lib/thumb/v7-m/nofp\libg.a(lib_a-impure.o)
                              c:/gcc-arm-none-eabi-10.3-2021.10/bin/../lib/gcc/arm-none-eabi/10.3.1/../../../../arm-none-eabi/lib/thumb/v7-m/nofp\libg.a(lib_a-exit.o) (_global_impure_ptr)
c:/gcc-arm-none-eabi-10.3-2021.10/bin/../lib/gcc/arm-none-eabi/10.3.1/../../../../arm-none-eabi/lib/thumb/v7-m/nofp\libg.a(lib_a-init.o)
                              c:/gcc-arm-none-eabi-10.3-2021.10/bin/../lib/gcc/arm-none-eabi/10.3.1/../../../../arm-none-eabi/lib/thumb/v7-m/nofp/crt0.o (__libc_init_array)
c:/gcc-arm-none-eabi-10.3-2021.10/bin/../lib/gcc/arm-none-eabi/10.3.1/../../../../arm-none-eabi/lib/thumb/v7-m/nofp\libg.a(lib_a-memset.o)
                              c:/gcc-arm-none-eabi-10.3-2021.10/bin/../lib/gcc/arm-none-eabi/10.3.1/../../../../arm-none-eabi/lib/thumb/v7-m/nofp/crt0.o (memset)
c:/gcc-arm-none-eabi-10.3-2021.10/bin/../lib/gcc/arm-none-eabi/10.3.1/../../../../arm-none-eabi/lib/thumb/v7-m/nofp\libg.a(lib_a-printf.o)
                              CMakeFiles/MotorPID.elf.dir/Core/Src/main.c.obj (printf)
c:/gcc-arm-none-eabi-10.3-2021.10/bin/../lib/gcc/arm-none-eabi/10.3.1/../../../../arm-none-eabi/lib/thumb/v7-m/nofp\libg.a(lib_a-vfprintf.o)
                              c:/gcc-arm-none-eabi-10.3-2021.10/bin/../lib/gcc/arm-none-eabi/10.3.1/../../../../arm-none-eabi/lib/thumb/v7-m/nofp\libg.a(lib_a-printf.o) (_vfprintf_r)
c:/gcc-arm-none-eabi-10.3-2021.10/bin/../lib/gcc/arm-none-eabi/10.3.1/../../../../arm-none-eabi/lib/thumb/v7-m/nofp\libg.a(lib_a-wsetup.o)
                              c:/gcc-arm-none-eabi-10.3-2021.10/bin/../lib/gcc/arm-none-eabi/10.3.1/../../../../arm-none-eabi/lib/thumb/v7-m/nofp\libg.a(lib_a-vfprintf.o) (__swsetup_r)
c:/gcc-arm-none-eabi-10.3-2021.10/bin/../lib/gcc/arm-none-eabi/10.3.1/../../../../arm-none-eabi/lib/thumb/v7-m/nofp\libg.a(lib_a-__call_atexit.o)
                              c:/gcc-arm-none-eabi-10.3-2021.10/bin/../lib/gcc/arm-none-eabi/10.3.1/../../../../arm-none-eabi/lib/thumb/v7-m/nofp\libg.a(lib_a-exit.o) (__call_exitprocs)
c:/gcc-arm-none-eabi-10.3-2021.10/bin/../lib/gcc/arm-none-eabi/10.3.1/../../../../arm-none-eabi/lib/thumb/v7-m/nofp\libg.a(lib_a-atexit.o)
                              c:/gcc-arm-none-eabi-10.3-2021.10/bin/../lib/gcc/arm-none-eabi/10.3.1/../../../../arm-none-eabi/lib/thumb/v7-m/nofp\libg.a(lib_a-__call_atexit.o) (atexit)
c:/gcc-arm-none-eabi-10.3-2021.10/bin/../lib/gcc/arm-none-eabi/10.3.1/../../../../arm-none-eabi/lib/thumb/v7-m/nofp\libg.a(lib_a-dtoa.o)
                              c:/gcc-arm-none-eabi-10.3-2021.10/bin/../lib/gcc/arm-none-eabi/10.3.1/../../../../arm-none-eabi/lib/thumb/v7-m/nofp\libg.a(lib_a-vfprintf.o) (_dtoa_r)
c:/gcc-arm-none-eabi-10.3-2021.10/bin/../lib/gcc/arm-none-eabi/10.3.1/../../../../arm-none-eabi/lib/thumb/v7-m/nofp\libg.a(lib_a-fflush.o)
[...]
Memory Configuration

Name             Origin             Length             Attributes
RAM              0x20000000         0x00005000         xrw
FLASH            0x08000000         0x00010000         xr
*default*        0x00000000         0xffffffff

Linker script and memory map

LOAD c:/gcc-arm-none-eabi-10.3-2021.10/bin/../lib/gcc/arm-none-eabi/10.3.1/thumb/v7-m/nofp/crti.o
LOAD c:/gcc-arm-none-eabi-10.3-2021.10/bin/../lib/gcc/arm-none-eabi/10.3.1/thumb/v7-m/nofp/crtbegin.o
LOAD c:/gcc-arm-none-eabi-10.3-2021.10/bin/../lib/gcc/arm-none-eabi/10.3.1/../../../../arm-none-eabi/lib/thumb/v7-m/nofp/crt0.o
LOAD CMakeFiles/MotorPID.elf.dir/Core/Src/Encoder.c.obj
LOAD CMakeFiles/MotorPID.elf.dir/Core/Src/Motor.c.obj
LOAD CMakeFiles/MotorPID.elf.dir/Core/Src/NRF24L01.c.obj
LOAD CMakeFiles/MotorPID.elf.dir/Core/Src/OLED.c.obj
LOAD CMakeFiles/MotorPID.elf.dir/Core/Src/PID.c.obj
LOAD CMakeFiles/MotorPID.elf.dir/Core/Src/adc.c.obj
LOAD CMakeFiles/MotorPID.elf.dir/Core/Src/dma.c.obj
LOAD CMakeFiles/MotorPID.elf.dir/Core/Src/gpio.c.obj
LOAD CMakeFiles/MotorPID.elf.dir/Core/Src/main.c.obj
LOAD CMakeFiles/MotorPID.elf.dir/Core/Src/stm32f1xx_hal_msp.c.obj
LOAD CMakeFiles/MotorPID.elf.dir/Core/Src/stm32f1xx_it.c.obj
LOAD CMakeFiles/MotorPID.elf.dir/Core/Src/syscalls.c.obj
LOAD CMakeFiles/MotorPID.elf.dir/Core/Src/sysmem.c.obj
LOAD CMakeFiles/MotorPID.elf.dir/Core/Src/system_stm32f1xx.c.obj
LOAD CMakeFiles/MotorPID.elf.dir/Core/Src/tim.c.obj
LOAD CMakeFiles/MotorPID.elf.dir/Core/Src/usart.c.obj
LOAD CMakeFiles/MotorPID.elf.dir/Core/Startup/startup_stm32f103c8tx.s.obj
LOAD CMakeFiles/MotorPID.elf.dir/Drivers/STM32F1xx_HAL_Driver/Src/stm32f1xx_hal.c.obj
LOAD CMakeFiles/MotorPID.elf.dir/Drivers/STM32F1xx_HAL_Driver/Src/stm32f1xx_hal_adc.c.obj
LOAD CMakeFiles/MotorPID.elf.dir/Drivers/STM32F1xx_HAL_Driver/Src/stm32f1xx_hal_adc_ex.c.obj
LOAD CMakeFiles/MotorPID.elf.dir/Drivers/STM32F1xx_HAL_Driver/Src/stm32f1xx_hal_cortex.c.obj
LOAD CMakeFiles/MotorPID.elf.dir/Drivers/STM32F1xx_HAL_Driver/Src/stm32f1xx_hal_dma.c.obj
LOAD CMakeFiles/MotorPID.elf.dir/Drivers/STM32F1xx_HAL_Driver/Src/stm32f1xx_hal_exti.c.obj
LOAD CMakeFiles/MotorPID.elf.dir/Drivers/STM32F1xx_HAL_Driver/Src/stm32f1xx_hal_flash.c.obj
LOAD CMakeFiles/MotorPID.elf.dir/Drivers/STM32F1xx_HAL_Driver/Src/stm32f1xx_hal_flash_ex.c.obj
LOAD CMakeFiles/MotorPID.elf.dir/Drivers/STM32F1xx_HAL_Driver/Src/stm32f1xx_hal_gpio.c.obj
LOAD CMakeFiles/MotorPID.elf.dir/Drivers/STM32F1xx_HAL_Driver/Src/stm32f1xx_hal_gpio_ex.c.obj
LOAD CMakeFiles/MotorPID.elf.dir/Drivers/STM32F1xx_HAL_Driver/Src/stm32f1xx_hal_pwr.c.obj
LOAD CMakeFiles/MotorPID.elf.dir/Drivers/STM32F1xx_HAL_Driver/Src/stm32f1xx_hal_rcc.c.obj
LOAD CMakeFiles/MotorPID.elf.dir/Drivers/STM32F1xx_HAL_Driver/Src/stm32f1xx_hal_rcc_ex.c.obj
LOAD CMakeFiles/MotorPID.elf.dir/Drivers/STM32F1xx_HAL_Driver/Src/stm32f1xx_hal_tim.c.obj
LOAD CMakeFiles/MotorPID.elf.dir/Drivers/STM32F1xx_HAL_Driver/Src/stm32f1xx_hal_tim_ex.c.obj
LOAD CMakeFiles/MotorPID.elf.dir/Drivers/STM32F1xx_HAL_Driver/Src/stm32f1xx_hal_uart.c.obj
START GROUP
LOAD c:/gcc-arm-none-eabi-10.3-2021.10/bin/../lib/gcc/arm-none-eabi/10.3.1/thumb/v7-m/nofp\libgcc.a
LOAD c:/gcc-arm-none-eabi-10.3-2021.10/bin/../lib/gcc/arm-none-eabi/10.3.1/../../../../arm-none-eabi/lib/thumb/v7-m/nofp\libg.a
LOAD c:/gcc-arm-none-eabi-10.3-2021.10/bin/../lib/gcc/arm-none-eabi/10.3.1/../../../../arm-none-eabi/lib/thumb/v7-m/nofp\libc.a
END GROUP
LOAD c:/gcc-arm-none-eabi-10.3-2021.10/bin/../lib/gcc/arm-none-eabi/10.3.1/thumb/v7-m/nofp/crtend.o
LOAD c:/gcc-arm-none-eabi-10.3-2021.10/bin/../lib/gcc/arm-none-eabi/10.3.1/thumb/v7-m/nofp/crtn.o
                0x20005000                _estack = (ORIGIN (RAM) + LENGTH (RAM))
                0x00000200                _Min_Heap_Size = 0x200
                0x00000400                _Min_Stack_Size = 0x400

.isr_vector     0x08000000      0x10c
                0x08000000                . = ALIGN (0x4)
 *(.isr_vector)
 .isr_vector    0x08000000      0x10c CMakeFiles/MotorPID.elf.dir/Core/Startup/startup_stm32f103c8tx.s.obj
                0x08000000                g_pfnVectors
                0x0800010c                . = ALIGN (0x4)

.text           0x08000110     0xa77c
                0x08000110                . = ALIGN (0x4)
 *(.text)
 .text          0x08000110      0x168 c:/gcc-arm-none-eabi-10.3-2021.10/bin/../lib/gcc/arm-none-eabi/10.3.1/thumb/v7-m/nofp\libgcc.a(_arm_mulsf3.o)
                0x08000110                __aeabi_fmul
                0x08000110                __mulsf3
 .text          0x08000278      0x378 c:/gcc-arm-none-eabi-10.3-2021.10/bin/../lib/gcc/arm-none-eabi/10.3.1/thumb/v7-m/nofp\libgcc.a(_arm_addsubdf3.o)
                0x08000278                __aeabi_drsub
                0x08000280                __aeabi_dsub
                0x08000280                __subdf3
                0x08000284                __aeabi_dadd
                0x08000284                __adddf3
                0x080004fc                __floatunsidf
                0x080004fc                __aeabi_ui2d
                0x0800051c                __floatsidf
                0x0800051c                __aeabi_i2d
                0x08000540                __aeabi_f2d
                0x08000540                __extendsfdf2
                0x08000584                __floatundidf
                0x08000584                __aeabi_ul2d
                0x08000594                __floatdidf
                0x08000594                __aeabi_l2d
 .text          0x080005f0       0x50 c:/gcc-arm-none-eabi-10.3-2021.10/bin/../lib/gcc/arm-none-eabi/10.3.1/thumb/v7-m/nofp\libgcc.a(_arm_fixdfsi.o)
                0x080005f0                __aeabi_d2iz
                0x080005f0                __fixdfsi
 .text          0x08000640      0x21c c:/gcc-arm-none-eabi-10.3-2021.10/bin/../lib/gcc/arm-none-eabi/10.3.1/thumb/v7-m/nofp\libgcc.a(_arm_addsubsf3.o)
                0x08000640                __aeabi_frsub
                0x08000648                __subsf3
                0x08000648                __aeabi_fsub
                0x0800064c                __aeabi_fadd
                0x0800064c                __addsf3
                0x080007ac                __aeabi_ui2f
                0x080007ac                __floatunsisf
                0x080007b4                __aeabi_i2f
                0x080007b4                __floatsisf
                0x080007d0                __aeabi_ul2f
                0x080007d0                __floatundisf
                0x080007e0                __aeabi_l2f
                0x080007e0                __floatdisf
 .text          0x0800085c       0xec c:/gcc-arm-none-eabi-10.3-2021.10/bin/../lib/gcc/arm-none-eabi/10.3.1/thumb/v7-m/nofp\libgcc.a(_arm_cmpsf2.o)
                0x0800085c                __gesf2
                0x0800085c                __gtsf2
                0x08000864                __lesf2
                0x08000864                __ltsf2
                0x0800086c                __nesf2
                0x0800086c                __eqsf2
                0x0800086c                __cmpsf2
                0x080008cc                __aeabi_cfrcmple
                0x080008d4                __aeabi_cfcmpeq
                0x080008d4                __aeabi_cfcmple
                0x080008e4                __aeabi_fcmpeq
                0x080008f8                __aeabi_fcmplt
                0x0800090c                __aeabi_fcmple
                0x08000920                __aeabi_fcmpge
                0x08000934                __aeabi_fcmpgt
 .text          0x08000948       0x4c c:/gcc-arm-none-eabi-10.3-2021.10/bin/../lib/gcc/arm-none-eabi/10.3.1/thumb/v7-m/nofp\libgcc.a(_arm_fixsfsi.o)
                0x08000948                __aeabi_f2iz
                0x08000948                __fixsfsi
 .text          0x08000994       0xec c:/gcc-arm-none-eabi-10.3-2021.10/bin/../lib/gcc/arm-none-eabi/10.3.1/../../../../arm-none-eabi/lib/thumb/v7-m/nofp\libg.a(lib_a-memcpy.o)
                0x08000994                memcpy
 .text          0x08000a80      0x424 c:/gcc-arm-none-eabi-10.3-2021.10/bin/../lib/gcc/arm-none-eabi/10.3.1/thumb/v7-m/nofp\libgcc.a(_arm_muldivdf3.o)
                0x08000a80                __aeabi_dmul
                0x08000a80                __muldf3
                0x08000cd4                __divdf3
                0x08000cd4                __aeabi_ddiv
 .text          0x08000ea4      0x110 c:/gcc-arm-none-eabi-10.3-2021.10/bin/../lib/gcc/arm-none-eabi/10.3.1/thumb/v7-m/nofp\libgcc.a(_arm_cmpdf2.o)
                0x08000ea4                __gtdf2
                0x08000ea4                __gedf2
                0x08000eac                __ltdf2
                0x08000eac                __ledf2
                0x08000eb4                __nedf2
                0x08000eb4                __eqdf2
                0x08000eb4                __cmpdf2
                0x08000f30                __aeabi_cdrcmple
                0x08000f40                __aeabi_cdcmpeq
                0x08000f40                __aeabi_cdcmple
                0x08000f50                __aeabi_dcmpeq
                0x08000f64                __aeabi_dcmplt
                0x08000f78                __aeabi_dcmple
                0x08000f8c                __aeabi_dcmpge
                0x08000fa0                __aeabi_dcmpgt
 .text          0x08000fb4       0x2c c:/gcc-arm-none-eabi-10.3-2021.10/bin/../lib/gcc/arm-none-eabi/10.3.1/thumb/v7-m/nofp\libgcc.a(_arm_unorddf2.o)
                0x08000fb4                __unorddf2
                0x08000fb4                __aeabi_dcmpun
 .text          0x08000fe0       0x30 c:/gcc-arm-none-eabi-10.3-2021.10/bin/../lib/gcc/arm-none-eabi/10.3.1/thumb/v7-m/nofp\libgcc.a(_aeabi_uldivmod.o)
                0x08000fe0                __aeabi_uldivmod
 .text          0x08001010      0x2d4 c:/gcc-arm-none-eabi-10.3-2021.10/bin/../lib/gcc/arm-none-eabi/10.3.1/thumb/v7-m/nofp\libgcc.a(_udivmoddi4.o)
                0x08001010                __udivmoddi4
 .text          0x080012e4        0x4 c:/gcc-arm-none-eabi-10.3-2021.10/bin/../lib/gcc/arm-none-eabi/10.3.1/thumb/v7-m/nofp\libgcc.a(_dvmd_tls.o)
                0x080012e4                __aeabi_idiv0
                0x080012e4                __aeabi_ldiv0
 *(.text*)
 .text.Encoder_Get
                0x080012e8       0x14 CMakeFiles/MotorPID.elf.dir/Core/Src/Encoder.c.obj
                0x080012e8                Encoder_Get
 .text.Motor_SetSpeed
                0x080012fc       0x5c CMakeFiles/MotorPID.elf.dir/Core/Src/Motor.c.obj
                0x080012fc                Motor_SetSpeed
 .text.W_CSN    0x08001358       0x14 CMakeFiles/MotorPID.elf.dir/Core/Src/NRF24L01.c.obj
                0x08001358                W_CSN
 .text.W_CE     0x0800136c       0x14 CMakeFiles/MotorPID.elf.dir/Core/Src/NRF24L01.c.obj
                0x0800136c                W_CE
 .text.W_MOSI   0x08001380       0x14 CMakeFiles/MotorPID.elf.dir/Core/Src/NRF24L01.c.obj
                0x08001380                W_MOSI
 .text.W_SCK    0x08001394       0x14 CMakeFiles/MotorPID.elf.dir/Core/Src/NRF24L01.c.obj
                0x08001394                W_SCK
 .text.R_IRQ    0x080013a8       0x10 CMakeFiles/MotorPID.elf.dir/Core/Src/NRF24L01.c.obj
                0x080013a8                R_IRQ
 .text.R_MISO   0x080013b8       0x10 CMakeFiles/MotorPID.elf.dir/Core/Src/NRF24L01.c.obj
                0x080013b8                R_MISO
 .text.SPI_SwapByte
                0x080013c8       0x3e CMakeFiles/MotorPID.elf.dir/Core/Src/NRF24L01.c.obj
                0x080013c8                SPI_SwapByte
 .text.W_Reg    0x08001406       0x20 CMakeFiles/MotorPID.elf.dir/Core/Src/NRF24L01.c.obj
                0x08001406                W_Reg
 .text.R_Reg    0x08001426       0x22 CMakeFiles/MotorPID.elf.dir/Core/Src/NRF24L01.c.obj
                0x08001426                R_Reg
 .text.W_Buf    0x08001448       0x2e CMakeFiles/MotorPID.elf.dir/Core/Src/NRF24L01.c.obj
                0x08001448                W_Buf
 .text.R_Buf    0x08001476       0x30 CMakeFiles/MotorPID.elf.dir/Core/Src/NRF24L01.c.obj
                0x08001476                R_Buf
 *fill*         0x080014a6        0x2 
 .text.NRF24L01_Init
                0x080014a8       0x64 CMakeFiles/MotorPID.elf.dir/Core/Src/NRF24L01.c.obj
                0x080014a8                NRF24L01_Init
 .text.ReceiveData
                0x0800150c       0x36 CMakeFiles/MotorPID.elf.dir/Core/Src/NRF24L01.c.obj
                0x0800150c                ReceiveData
 *fill*         0x08001542        0x2 
 .text.OLED_I2C_Init
                0x08001544       0x24 CMakeFiles/MotorPID.elf.dir/Core/Src/OLED.c.obj
                0x08001544                OLED_I2C_Init
 .text.OLED_I2C_Start
                0x08001568       0x3c CMakeFiles/MotorPID.elf.dir/Core/Src/OLED.c.obj
                0x08001568                OLED_I2C_Start
 .text.OLED_I2C_Stop
                0x080015a4       0x30 CMakeFiles/MotorPID.elf.dir/Core/Src/OLED.c.obj
                0x080015a4                OLED_I2C_Stop
 .text.OLED_I2C_SendByte
                0x080015d4       0x5c CMakeFiles/MotorPID.elf.dir/Core/Src/OLED.c.obj
                0x080015d4                OLED_I2C_SendByte
 .text.OLED_WriteCommand
                0x08001630       0x20 CMakeFiles/MotorPID.elf.dir/Core/Src/OLED.c.obj
                0x08001630                OLED_WriteCommand
 .text.OLED_WriteData
                0x08001650       0x20 CMakeFiles/MotorPID.elf.dir/Core/Src/OLED.c.obj
                0x08001650                OLED_WriteData
 .text.OLED_SetCursor
                0x08001670       0x20 CMakeFiles/MotorPID.elf.dir/Core/Src/OLED.c.obj
                0x08001670                OLED_SetCursor
 .text.OLED_Clear
                0x08001690       0x2c CMakeFiles/MotorPID.elf.dir/Core/Src/OLED.c.obj
                0x08001690                OLED_Clear
 .text.OLED_ShowChar
                0x080016bc       0x64 CMakeFiles/MotorPID.elf.dir/Core/Src/OLED.c.obj
                0x080016bc                OLED_ShowChar
 .text.OLED_ShowString
                0x08001720       0x22 CMakeFiles/MotorPID.elf.dir/Core/Src/OLED.c.obj
                0x08001720                OLED_ShowString
 .text.OLED_Pow
                0x08001742       0x14 CMakeFiles/MotorPID.elf.dir/Core/Src/OLED.c.obj
                0x08001742                OLED_Pow
 *fill*         0x08001756        0x2 
 .text.OLED_ShowSignedNum
                0x08001758       0x64 CMakeFiles/MotorPID.elf.dir/Core/Src/OLED.c.obj
                0x08001758                OLED_ShowSignedNum
 .text.OLED_Init
                0x080017bc       0xae CMakeFiles/MotorPID.elf.dir/Core/Src/OLED.c.obj
                0x080017bc                OLED_Init
 *fill*         0x0800186a        0x2 
 .text.PositionControl
                0x0800186c       0xa4 CMakeFiles/MotorPID.elf.dir/Core/Src/PID.c.obj
                0x0800186c                PositionControl
 .text.Follow_PositionControl
                0x08001910       0xa4 CMakeFiles/MotorPID.elf.dir/Core/Src/PID.c.obj
                0x08001910                Follow_PositionControl
 .text.SpeedControl
                0x080019b4       0x94 CMakeFiles/MotorPID.elf.dir/Core/Src/PID.c.obj
                0x080019b4                SpeedControl
 .text.Const_SpeedControl
                0x08001a48       0x94 CMakeFiles/MotorPID.elf.dir/Core/Src/PID.c.obj
                0x08001a48                Const_SpeedControl
 .text.PWM_Limit
                0x08001adc       0x26 CMakeFiles/MotorPID.elf.dir/Core/Src/PID.c.obj
                0x08001adc                PWM_Limit
 *fill*         0x08001b02        0x2 
 .text.MX_ADC1_Init
                0x08001b04       0x78 CMakeFiles/MotorPID.elf.dir/Core/Src/adc.c.obj
                0x08001b04                MX_ADC1_Init
 .text.HAL_ADC_MspInit
                0x08001b7c       0x98 CMakeFiles/MotorPID.elf.dir/Core/Src/adc.c.obj
                0x08001b7c                HAL_ADC_MspInit
 .text.MX_DMA_Init
                0x08001c14       0x34 CMakeFiles/MotorPID.elf.dir/Core/Src/dma.c.obj
                0x08001c14                MX_DMA_Init
 .text.MX_GPIO_Init
                0x08001c48      0x138 CMakeFiles/MotorPID.elf.dir/Core/Src/gpio.c.obj
                0x08001c48                MX_GPIO_Init
 .text.HAL_GPIO_EXTI_Callback
                0x08001d80      0x200 CMakeFiles/MotorPID.elf.dir/Core/Src/main.c.obj
                0x08001d80                HAL_GPIO_EXTI_Callback
 .text.HAL_TIM_PeriodElapsedCallback
                0x08001f80      0x15c CMakeFiles/MotorPID.elf.dir/Core/Src/main.c.obj
                0x08001f80                HAL_TIM_PeriodElapsedCallback
 .text.Error_Handler
                0x080020dc        0x4 CMakeFiles/MotorPID.elf.dir/Core/Src/main.c.obj
                0x080020dc                Error_Handler
 .text.SystemClock_Config
                0x080020e0       0x84 CMakeFiles/MotorPID.elf.dir/Core/Src/main.c.obj
                0x080020e0                SystemClock_Config
 *fill*         0x08002164        0x4 
 .text.main     0x08002168      0x240 CMakeFiles/MotorPID.elf.dir/Core/Src/main.c.obj
                0x08002168                main
 .text.HAL_MspInit
                0x080023a8       0x44 CMakeFiles/MotorPID.elf.dir/Core/Src/stm32f1xx_hal_msp.c.obj
                0x080023a8                HAL_MspInit
 .text.NMI_Handler
                0x080023ec        0x2 CMakeFiles/MotorPID.elf.dir/Core/Src/stm32f1xx_it.c.obj
                0x080023ec                NMI_Handler
 .text.HardFault_Handler
                0x080023ee        0x2 CMakeFiles/MotorPID.elf.dir/Core/Src/stm32f1xx_it.c.obj
                0x080023ee                HardFault_Handler
 .text.MemManage_Handler
                0x080023f0        0x2 CMakeFiles/MotorPID.elf.dir/Core/Src/stm32f1xx_it.c.obj
                0x080023f0                MemManage_Handler
 .text.BusFault_Handler
                0x080023f2        0x2 CMakeFiles/MotorPID.elf.dir/Core/Src/stm32f1xx_it.c.obj
                0x080023f2                BusFault_Handler
 .text.UsageFault_Handler
                0x080023f4        0x2 CMakeFiles/MotorPID.elf.dir/Core/Src/stm32f1xx_it.c.obj
                0x080023f4                UsageFault_Handler
 .text.SVC_Handler
                0x080023f6        0x2 CMakeFiles/MotorPID.elf.dir/Core/Src/stm32f1xx_it.c.obj
                0x080023f6                SVC_Handler
 .text.DebugMon_Handler
                0x080023f8        0x2 CMakeFiles/MotorPID.elf.dir/Core/Src/stm32f1xx_it.c.obj
                0x080023f8                DebugMon_Handler
 .text.PendSV_Handler
                0x080023fa        0x2 CMakeFiles/MotorPID.elf.dir/Core/Src/stm32f1xx_it.c.obj
                0x080023fa                PendSV_Handler
 .text.SysTick_Handler
                0x080023fc        0x8 CMakeFiles/MotorPID.elf.dir/Core/Src/stm32f1xx_it.c.obj
                0x080023fc                SysTick_Handler
 .text.EXTI2_IRQHandler
                0x08002404        0xa CMakeFiles/MotorPID.elf.dir/Core/Src/stm32f1xx_it.c.obj
                0x08002404                EXTI2_IRQHandler
 .text.EXTI3_IRQHandler
                0x0800240e        0xa CMakeFiles/MotorPID.elf.dir/Core/Src/stm32f1xx_it.c.obj
                0x0800240e                EXTI3_IRQHandler
 .text.DMA1_Channel1_IRQHandler
                0x08002418       0x10 CMakeFiles/MotorPID.elf.dir/Core/Src/stm32f1xx_it.c.obj
                0x08002418                DMA1_Channel1_IRQHandler
 .text.TIM2_IRQHandler
                0x08002428       0x10 CMakeFiles/MotorPID.elf.dir/Core/Src/stm32f1xx_it.c.obj
                0x08002428                TIM2_IRQHandler
 .text.EXTI15_10_IRQHandler
                0x08002438        0xc CMakeFiles/MotorPID.elf.dir/Core/Src/stm32f1xx_it.c.obj
                0x08002438                EXTI15_10_IRQHandler
 .text._getpid  0x08002444        0x4 CMakeFiles/MotorPID.elf.dir/Core/Src/syscalls.c.obj
                0x08002444                _getpid
 .text._kill    0x08002448       0x10 CMakeFiles/MotorPID.elf.dir/Core/Src/syscalls.c.obj
                0x08002448                _kill
 .text._exit    0x08002458        0xc CMakeFiles/MotorPID.elf.dir/Core/Src/syscalls.c.obj
                0x08002458                _exit
 .text._read    0x08002464       0x20 CMakeFiles/MotorPID.elf.dir/Core/Src/syscalls.c.obj
                0x08002464                _read
 .text._write   0x08002484       0x1c CMakeFiles/MotorPID.elf.dir/Core/Src/syscalls.c.obj
                0x08002484                _write
 .text._close   0x080024a0        0x6 CMakeFiles/MotorPID.elf.dir/Core/Src/syscalls.c.obj
                0x080024a0                _close
 .text._fstat   0x080024a6        0xa CMakeFiles/MotorPID.elf.dir/Core/Src/syscalls.c.obj
                0x080024a6                _fstat
 .text._isatty  0x080024b0        0x4 CMakeFiles/MotorPID.elf.dir/Core/Src/syscalls.c.obj
                0x080024b0                _isatty
 .text._lseek   0x080024b4        0x4 CMakeFiles/MotorPID.elf.dir/Core/Src/syscalls.c.obj
                0x080024b4                _lseek
 .text._sbrk    0x080024b8       0x48 CMakeFiles/MotorPID.elf.dir/Core/Src/sysmem.c.obj
                0x080024b8                _sbrk
 .text.SystemInit
                0x08002500        0x2 CMakeFiles/MotorPID.elf.dir/Core/Src/system_stm32f1xx.c.obj
                0x08002500                SystemInit
 *fill*         0x08002502        0x2 
 .text.MX_TIM1_Init
                0x08002504       0x68 CMakeFiles/MotorPID.elf.dir/Core/Src/tim.c.obj
                0x08002504                MX_TIM1_Init
 .text.MX_TIM2_Init
                0x0800256c       0x70 CMakeFiles/MotorPID.elf.dir/Core/Src/tim.c.obj
                0x0800256c                MX_TIM2_Init
 .text.HAL_TIM_Encoder_MspInit
                0x080025dc       0x5c CMakeFiles/MotorPID.elf.dir/Core/Src/tim.c.obj
                0x080025dc                HAL_TIM_Encoder_MspInit
 .text.HAL_TIM_Base_MspInit
                0x08002638       0x60 CMakeFiles/MotorPID.elf.dir/Core/Src/tim.c.obj
                0x08002638                HAL_TIM_Base_MspInit
 .text.HAL_TIM_MspPostInit
                0x08002698       0x4c CMakeFiles/MotorPID.elf.dir/Core/Src/tim.c.obj
                0x08002698                HAL_TIM_MspPostInit
 .text.MX_TIM3_Init
                0x080026e4       0xb0 CMakeFiles/MotorPID.elf.dir/Core/Src/tim.c.obj
                0x080026e4                MX_TIM3_Init
 .text.MX_USART1_UART_Init
                0x08002794       0x34 CMakeFiles/MotorPID.elf.dir/Core/Src/usart.c.obj
                0x08002794                MX_USART1_UART_Init
 .text.HAL_UART_MspInit
                0x080027c8       0x88 CMakeFiles/MotorPID.elf.dir/Core/Src/usart.c.obj
                0x080027c8                HAL_UART_MspInit
 .text.__io_putchar
                0x08002850       0x20 CMakeFiles/MotorPID.elf.dir/Core/Src/usart.c.obj
                0x08002850                __io_putchar
 .text.Reset_Handler
                0x08002870       0x48 CMakeFiles/MotorPID.elf.dir/Core/Startup/startup_stm32f103c8tx.s.obj
                0x08002870                Reset_Handler
 .text.Default_Handler
                0x080028b8        0x2 CMakeFiles/MotorPID.elf.dir/Core/Startup/startup_stm32f103c8tx.s.obj
                0x080028b8                RTC_Alarm_IRQHandler
                0x080028b8                TIM1_CC_IRQHandler
                0x080028b8                PVD_IRQHandler
                0x080028b8                EXTI0_IRQHandler
                0x080028b8                I2C2_EV_IRQHandler
                0x080028b8                ADC1_2_IRQHandler
                0x080028b8                SPI1_IRQHandler
                0x080028b8                TAMPER_IRQHandler
                0x080028b8                DMA1_Channel4_IRQHandler
                0x080028b8                USART3_IRQHandler
                0x080028b8                RTC_IRQHandler
                0x080028b8                DMA1_Channel7_IRQHandler
                0x080028b8                CAN1_RX1_IRQHandler
                0x080028b8                TIM4_IRQHandler
                0x080028b8                I2C1_EV_IRQHandler
                0x080028b8                DMA1_Channel6_IRQHandler
                0x080028b8                TIM3_IRQHandler
                0x080028b8                RCC_IRQHandler
                0x080028b8                TIM1_TRG_COM_IRQHandler
                0x080028b8                Default_Handler
                0x080028b8                EXTI9_5_IRQHandler
                0x080028b8                SPI2_IRQHandler
                0x080028b8                DMA1_Channel5_IRQHandler
                0x080028b8                EXTI4_IRQHandler
                0x080028b8                USB_LP_CAN1_RX0_IRQHandler
                0x080028b8                USB_HP_CAN1_TX_IRQHandler
                0x080028b8                DMA1_Channel3_IRQHandler
                0x080028b8                TIM1_UP_IRQHandler
                0x080028b8                WWDG_IRQHandler
                0x080028b8                TIM1_BRK_IRQHandler
                0x080028b8                EXTI1_IRQHandler
                0x080028b8                USART2_IRQHandler
                0x080028b8                I2C2_ER_IRQHandler
                0x080028b8                DMA1_Channel2_IRQHandler
                0x080028b8                CAN1_SCE_IRQHandler
                0x080028b8                FLASH_IRQHandler
                0x080028b8                USART1_IRQHandler
                0x080028b8                I2C1_ER_IRQHandler
                0x080028b8                USBWakeUp_IRQHandler
 *fill*         0x080028ba        0x2 
 .text.HAL_InitTick
                0x080028bc       0x4c CMakeFiles/MotorPID.elf.dir/Drivers/STM32F1xx_HAL_Driver/Src/stm32f1xx_hal.c.obj
                0x080028bc                HAL_InitTick
 .text.HAL_Init
                0x08002908       0x24 CMakeFiles/MotorPID.elf.dir/Drivers/STM32F1xx_HAL_Driver/Src/stm32f1xx_hal.c.obj
                0x08002908                HAL_Init
 .text.HAL_IncTick
                0x0800292c       0x18 CMakeFiles/MotorPID.elf.dir/Drivers/STM32F1xx_HAL_Driver/Src/stm32f1xx_hal.c.obj
                0x0800292c                HAL_IncTick
 .text.HAL_GetTick
                0x08002944        0xc CMakeFiles/MotorPID.elf.dir/Drivers/STM32F1xx_HAL_Driver/Src/stm32f1xx_hal.c.obj
                0x08002944                HAL_GetTick
 .text.HAL_Delay
                0x08002950       0x28 CMakeFiles/MotorPID.elf.dir/Drivers/STM32F1xx_HAL_Driver/Src/stm32f1xx_hal.c.obj
                0x08002950                HAL_Delay
 .text.HAL_ADC_ConvCpltCallback
                0x08002978        0x2 CMakeFiles/MotorPID.elf.dir/Drivers/STM32F1xx_HAL_Driver/Src/stm32f1xx_hal_adc.c.obj
                0x08002978                HAL_ADC_ConvCpltCallback
 .text.ADC_DMAConvCplt
                0x0800297a       0x52 CMakeFiles/MotorPID.elf.dir/Drivers/STM32F1xx_HAL_Driver/Src/stm32f1xx_hal_adc.c.obj
                0x0800297a                ADC_DMAConvCplt
 .text.HAL_ADC_ConvHalfCpltCallback
                0x080029cc        0x2 CMakeFiles/MotorPID.elf.dir/Drivers/STM32F1xx_HAL_Driver/Src/stm32f1xx_hal_adc.c.obj
                0x080029cc                HAL_ADC_ConvHalfCpltCallback
 .text.ADC_DMAHalfConvCplt
                0x080029ce        0xa CMakeFiles/MotorPID.elf.dir/Drivers/STM32F1xx_HAL_Driver/Src/stm32f1xx_hal_adc.c.obj
                0x080029ce                ADC_DMAHalfConvCplt
 .text.HAL_ADC_ErrorCallback
                0x080029d8        0x2 CMakeFiles/MotorPID.elf.dir/Drivers/STM32F1xx_HAL_Driver/Src/stm32f1xx_hal_adc.c.obj
                0x080029d8                HAL_ADC_ErrorCallback
 .text.ADC_DMAError
                0x080029da       0x1a CMakeFiles/MotorPID.elf.dir/Drivers/STM32F1xx_HAL_Driver/Src/stm32f1xx_hal_adc.c.obj
                0x080029da                ADC_DMAError
 .text.HAL_ADC_ConfigChannel
                0x080029f4      0x144 CMakeFiles/MotorPID.elf.dir/Drivers/STM32F1xx_HAL_Driver/Src/stm32f1xx_hal_adc.c.obj
                0x080029f4                HAL_ADC_ConfigChannel
 .text.ADC_Enable
                0x08002b38       0x88 CMakeFiles/MotorPID.elf.dir/Drivers/STM32F1xx_HAL_Driver/Src/stm32f1xx_hal_adc.c.obj
                0x08002b38                ADC_Enable
 .text.HAL_ADC_Start_DMA
                0x08002bc0      0x130 CMakeFiles/MotorPID.elf.dir/Drivers/STM32F1xx_HAL_Driver/Src/stm32f1xx_hal_adc.c.obj
                0x08002bc0                HAL_ADC_Start_DMA
 .text.ADC_ConversionStop_Disable
                0x08002cf0       0x56 CMakeFiles/MotorPID.elf.dir/Drivers/STM32F1xx_HAL_Driver/Src/stm32f1xx_hal_adc.c.obj
                0x08002cf0                ADC_ConversionStop_Disable
 *fill*         0x08002d46        0x2 
 .text.HAL_ADC_Init
                0x08002d48      0x108 CMakeFiles/MotorPID.elf.dir/Drivers/STM32F1xx_HAL_Driver/Src/stm32f1xx_hal_adc.c.obj
                0x08002d48                HAL_ADC_Init
 .text.HAL_ADCEx_Calibration_Start
                0x08002e50      0x100 CMakeFiles/MotorPID.elf.dir/Drivers/STM32F1xx_HAL_Driver/Src/stm32f1xx_hal_adc_ex.c.obj
                0x08002e50                HAL_ADCEx_Calibration_Start
 .text.HAL_NVIC_SetPriorityGrouping
                0x08002f50       0x24 CMakeFiles/MotorPID.elf.dir/Drivers/STM32F1xx_HAL_Driver/Src/stm32f1xx_hal_cortex.c.obj
                0x08002f50                HAL_NVIC_SetPriorityGrouping
 .text.HAL_NVIC_SetPriority
                0x08002f74       0x70 CMakeFiles/MotorPID.elf.dir/Drivers/STM32F1xx_HAL_Driver/Src/stm32f1xx_hal_cortex.c.obj
                0x08002f74                HAL_NVIC_SetPriority
 .text.HAL_NVIC_EnableIRQ
                0x08002fe4       0x1c CMakeFiles/MotorPID.elf.dir/Drivers/STM32F1xx_HAL_Driver/Src/stm32f1xx_hal_cortex.c.obj
                0x08002fe4                HAL_NVIC_EnableIRQ
 .text.HAL_SYSTICK_Config
                0x08003000       0x28 CMakeFiles/MotorPID.elf.dir/Drivers/STM32F1xx_HAL_Driver/Src/stm32f1xx_hal_cortex.c.obj
                0x08003000                HAL_SYSTICK_Config
 .text.DMA_SetConfig
                0x08003028       0x2c CMakeFiles/MotorPID.elf.dir/Drivers/STM32F1xx_HAL_Driver/Src/stm32f1xx_hal_dma.c.obj
 .text.HAL_DMA_Init
                0x08003054       0x6c CMakeFiles/MotorPID.elf.dir/Drivers/STM32F1xx_HAL_Driver/Src/stm32f1xx_hal_dma.c.obj
                0x08003054                HAL_DMA_Init
 .text.HAL_DMA_Start_IT
                0x080030c0       0x76 CMakeFiles/MotorPID.elf.dir/Drivers/STM32F1xx_HAL_Driver/Src/stm32f1xx_hal_dma.c.obj
                0x080030c0                HAL_DMA_Start_IT
 *fill*         0x08003136        0x2 
 .text.HAL_DMA_IRQHandler
                0x08003138      0x144 CMakeFiles/MotorPID.elf.dir/Drivers/STM32F1xx_HAL_Driver/Src/stm32f1xx_hal_dma.c.obj
                0x08003138                HAL_DMA_IRQHandler
 .text.HAL_GPIO_Init
                0x0800327c      0x224 CMakeFiles/MotorPID.elf.dir/Drivers/STM32F1xx_HAL_Driver/Src/stm32f1xx_hal_gpio.c.obj
                0x0800327c                HAL_GPIO_Init
 .text.HAL_GPIO_ReadPin
                0x080034a0        0xe CMakeFiles/MotorPID.elf.dir/Drivers/STM32F1xx_HAL_Driver/Src/stm32f1xx_hal_gpio.c.obj
                0x080034a0                HAL_GPIO_ReadPin
 .text.HAL_GPIO_WritePin
                0x080034ae        0xc CMakeFiles/MotorPID.elf.dir/Drivers/STM32F1xx_HAL_Driver/Src/stm32f1xx_hal_gpio.c.obj
                0x080034ae                HAL_GPIO_WritePin
 *fill*         0x080034ba        0x2 
 .text.HAL_GPIO_EXTI_IRQHandler
                0x080034bc       0x1c CMakeFiles/MotorPID.elf.dir/Drivers/STM32F1xx_HAL_Driver/Src/stm32f1xx_hal_gpio.c.obj
                0x080034bc                HAL_GPIO_EXTI_IRQHandler
 .text.RCC_Delay
                0x080034d8       0x2c CMakeFiles/MotorPID.elf.dir/Drivers/STM32F1xx_HAL_Driver/Src/stm32f1xx_hal_rcc.c.obj
 .text.HAL_RCC_OscConfig
                0x08003504      0x410 CMakeFiles/MotorPID.elf.dir/Drivers/STM32F1xx_HAL_Driver/Src/stm32f1xx_hal_rcc.c.obj
                0x08003504                HAL_RCC_OscConfig
 .text.HAL_RCC_GetSysClockFreq
                0x08003914       0x54 CMakeFiles/MotorPID.elf.dir/Drivers/STM32F1xx_HAL_Driver/Src/stm32f1xx_hal_rcc.c.obj
                0x08003914                HAL_RCC_GetSysClockFreq
 .text.HAL_RCC_ClockConfig
                0x08003968      0x16c CMakeFiles/MotorPID.elf.dir/Drivers/STM32F1xx_HAL_Driver/Src/stm32f1xx_hal_rcc.c.obj
                0x08003968                HAL_RCC_ClockConfig
 .text.HAL_RCC_GetHCLKFreq
                0x08003ad4        0xc CMakeFiles/MotorPID.elf.dir/Drivers/STM32F1xx_HAL_Driver/Src/stm32f1xx_hal_rcc.c.obj
                0x08003ad4                HAL_RCC_GetHCLKFreq
 .text.HAL_RCC_GetPCLK1Freq
                0x08003ae0       0x20 CMakeFiles/MotorPID.elf.dir/Drivers/STM32F1xx_HAL_Driver/Src/stm32f1xx_hal_rcc.c.obj
                0x08003ae0                HAL_RCC_GetPCLK1Freq
 .text.HAL_RCC_GetPCLK2Freq
                0x08003b00       0x20 CMakeFiles/MotorPID.elf.dir/Drivers/STM32F1xx_HAL_Driver/Src/stm32f1xx_hal_rcc.c.obj
                0x08003b00                HAL_RCC_GetPCLK2Freq
 .text.HAL_RCCEx_PeriphCLKConfig
                0x08003b20      0x118 CMakeFiles/MotorPID.elf.dir/Drivers/STM32F1xx_HAL_Driver/Src/stm32f1xx_hal_rcc_ex.c.obj
                0x08003b20                HAL_RCCEx_PeriphCLKConfig
 .text.HAL_RCCEx_GetPeriphCLKFreq
                0x08003c38       0xd8 CMakeFiles/MotorPID.elf.dir/Drivers/STM32F1xx_HAL_Driver/Src/stm32f1xx_hal_rcc_ex.c.obj
                0x08003c38                HAL_RCCEx_GetPeriphCLKFreq
 .text.TIM_OC1_SetConfig
                0x08003d10       0x5c CMakeFiles/MotorPID.elf.dir/Drivers/STM32F1xx_HAL_Driver/Src/stm32f1xx_hal_tim.c.obj
 .text.TIM_OC3_SetConfig
                0x08003d6c       0x64 CMakeFiles/MotorPID.elf.dir/Drivers/STM32F1xx_HAL_Driver/Src/stm32f1xx_hal_tim.c.obj
 .text.TIM_OC4_SetConfig
                0x08003dd0       0x48 CMakeFiles/MotorPID.elf.dir/Drivers/STM32F1xx_HAL_Driver/Src/stm32f1xx_hal_tim.c.obj
 .text.TIM_TI1_ConfigInputStage
                0x08003e18       0x24 CMakeFiles/MotorPID.elf.dir/Drivers/STM32F1xx_HAL_Driver/Src/stm32f1xx_hal_tim.c.obj
 .text.TIM_TI2_ConfigInputStage
                0x08003e3c       0x26 CMakeFiles/MotorPID.elf.dir/Drivers/STM32F1xx_HAL_Driver/Src/stm32f1xx_hal_tim.c.obj
 .text.TIM_ITRx_SetConfig
                0x08003e62       0x10 CMakeFiles/MotorPID.elf.dir/Drivers/STM32F1xx_HAL_Driver/Src/stm32f1xx_hal_tim.c.obj
 *fill*         0x08003e72        0x2 
 .text.HAL_TIM_Base_Start_IT
                0x08003e74       0x68 CMakeFiles/MotorPID.elf.dir/Drivers/STM32F1xx_HAL_Driver/Src/stm32f1xx_hal_tim.c.obj
                0x08003e74                HAL_TIM_Base_Start_IT
 .text.HAL_TIM_PWM_MspInit
                0x08003edc        0x2 CMakeFiles/MotorPID.elf.dir/Drivers/STM32F1xx_HAL_Driver/Src/stm32f1xx_hal_tim.c.obj
                0x08003edc                HAL_TIM_PWM_MspInit
 .text.HAL_TIM_OC_DelayElapsedCallback
                0x08003ede        0x2 CMakeFiles/MotorPID.elf.dir/Drivers/STM32F1xx_HAL_Driver/Src/stm32f1xx_hal_tim.c.obj
                0x08003ede                HAL_TIM_OC_DelayElapsedCallback
 .text.HAL_TIM_IC_CaptureCallback
                0x08003ee0        0x2 CMakeFiles/MotorPID.elf.dir/Drivers/STM32F1xx_HAL_Driver/Src/stm32f1xx_hal_tim.c.obj
                0x08003ee0                HAL_TIM_IC_CaptureCallback
 .text.HAL_TIM_PWM_PulseFinishedCallback
                0x08003ee2        0x2 CMakeFiles/MotorPID.elf.dir/Drivers/STM32F1xx_HAL_Driver/Src/stm32f1xx_hal_tim.c.obj
                0x08003ee2                HAL_TIM_PWM_PulseFinishedCallback
 .text.HAL_TIM_TriggerCallback
                0x08003ee4        0x2 CMakeFiles/MotorPID.elf.dir/Drivers/STM32F1xx_HAL_Driver/Src/stm32f1xx_hal_tim.c.obj
                0x08003ee4                HAL_TIM_TriggerCallback
 .text.HAL_TIM_IRQHandler
                0x08003ee6      0x17a CMakeFiles/MotorPID.elf.dir/Drivers/STM32F1xx_HAL_Driver/Src/stm32f1xx_hal_tim.c.obj
                0x08003ee6                HAL_TIM_IRQHandler
 .text.TIM_Base_SetConfig
                0x08004060       0x74 CMakeFiles/MotorPID.elf.dir/Drivers/STM32F1xx_HAL_Driver/Src/stm32f1xx_hal_tim.c.obj
                0x08004060                TIM_Base_SetConfig
 .text.HAL_TIM_Base_Init
                0x080040d4       0x58 CMakeFiles/MotorPID.elf.dir/Drivers/STM32F1xx_HAL_Driver/Src/stm32f1xx_hal_tim.c.obj
                0x080040d4                HAL_TIM_Base_Init
 .text.HAL_TIM_PWM_Init
                0x0800412c       0x58 CMakeFiles/MotorPID.elf.dir/Drivers/STM32F1xx_HAL_Driver/Src/stm32f1xx_hal_tim.c.obj
                0x0800412c                HAL_TIM_PWM_Init
 .text.HAL_TIM_Encoder_Init
                0x08004184       0xb8 CMakeFiles/MotorPID.elf.dir/Drivers/STM32F1xx_HAL_Driver/Src/stm32f1xx_hal_tim.c.obj
                0x08004184                HAL_TIM_Encoder_Init
 .text.TIM_OC2_SetConfig
                0x0800423c       0x64 CMakeFiles/MotorPID.elf.dir/Drivers/STM32F1xx_HAL_Driver/Src/stm32f1xx_hal_tim.c.obj
                0x0800423c                TIM_OC2_SetConfig
 .text.HAL_TIM_PWM_ConfigChannel
                0x080042a0       0xdc CMakeFiles/MotorPID.elf.dir/Drivers/STM32F1xx_HAL_Driver/Src/stm32f1xx_hal_tim.c.obj
                0x080042a0                HAL_TIM_PWM_ConfigChannel
 .text.TIM_ETR_SetConfig
                0x0800437c       0x18 CMakeFiles/MotorPID.elf.dir/Drivers/STM32F1xx_HAL_Driver/Src/stm32f1xx_hal_tim.c.obj
                0x0800437c                TIM_ETR_SetConfig
 .text.HAL_TIM_ConfigClockSource
                0x08004394       0xfe CMakeFiles/MotorPID.elf.dir/Drivers/STM32F1xx_HAL_Driver/Src/stm32f1xx_hal_tim.c.obj
                0x08004394                HAL_TIM_ConfigClockSource
 .text.TIM_CCxChannelCmd
                0x08004492       0x1e CMakeFiles/MotorPID.elf.dir/Drivers/STM32F1xx_HAL_Driver/Src/stm32f1xx_hal_tim.c.obj
                0x08004492                TIM_CCxChannelCmd
 .text.HAL_TIM_PWM_Start
                0x080044b0       0xdc CMakeFiles/MotorPID.elf.dir/Drivers/STM32F1xx_HAL_Driver/Src/stm32f1xx_hal_tim.c.obj
                0x080044b0                HAL_TIM_PWM_Start
 .text.HAL_TIM_Encoder_Start
                0x0800458c       0xcc CMakeFiles/MotorPID.elf.dir/Drivers/STM32F1xx_HAL_Driver/Src/stm32f1xx_hal_tim.c.obj
                0x0800458c                HAL_TIM_Encoder_Start
 .text.HAL_TIMEx_MasterConfigSynchronization
                0x08004658       0x6c CMakeFiles/MotorPID.elf.dir/Drivers/STM32F1xx_HAL_Driver/Src/stm32f1xx_hal_tim_ex.c.obj
                0x08004658                HAL_TIMEx_MasterConfigSynchronization
 .text.HAL_TIMEx_CommutCallback
                0x080046c4        0x2 CMakeFiles/MotorPID.elf.dir/Drivers/STM32F1xx_HAL_Driver/Src/stm32f1xx_hal_tim_ex.c.obj
                0x080046c4                HAL_TIMEx_CommutCallback
 .text.HAL_TIMEx_BreakCallback
                0x080046c6        0x2 CMakeFiles/MotorPID.elf.dir/Drivers/STM32F1xx_HAL_Driver/Src/stm32f1xx_hal_tim_ex.c.obj
                0x080046c6                HAL_TIMEx_BreakCallback
 .text.UART_SetConfig
                0x080046c8       0x94 CMakeFiles/MotorPID.elf.dir/Drivers/STM32F1xx_HAL_Driver/Src/stm32f1xx_hal_uart.c.obj
 .text.UART_WaitOnFlagUntilTimeout
                0x0800475c       0x88 CMakeFiles/MotorPID.elf.dir/Drivers/STM32F1xx_HAL_Driver/Src/stm32f1xx_hal_uart.c.obj
 .text.HAL_UART_Init
                0x080047e4       0x60 CMakeFiles/MotorPID.elf.dir/Drivers/STM32F1xx_HAL_Driver/Src/stm32f1xx_hal_uart.c.obj
                0x080047e4                HAL_UART_Init
 .text.HAL_UART_Transmit
                0x08004844       0xbe CMakeFiles/MotorPID.elf.dir/Drivers/STM32F1xx_HAL_Driver/Src/stm32f1xx_hal_uart.c.obj
                0x08004844                HAL_UART_Transmit
 *fill*         0x08004902        0x2 
 .text.__errno  0x08004904        0xc c:/gcc-arm-none-eabi-10.3-2021.10/bin/../lib/gcc/arm-none-eabi/10.3.1/../../../../arm-none-eabi/lib/thumb/v7-m/nofp\libg.a(lib_a-errno.o)
                0x08004904                __errno
 .text.__libc_init_array
                0x08004910       0x48 c:/gcc-arm-none-eabi-10.3-2021.10/bin/../lib/gcc/arm-none-eabi/10.3.1/../../../../arm-none-eabi/lib/thumb/v7-m/nofp\libg.a(lib_a-init.o)
                0x08004910                __libc_init_array
 .text.memset   0x08004958       0xa4 c:/gcc-arm-none-eabi-10.3-2021.10/bin/../lib/gcc/arm-none-eabi/10.3.1/../../../../arm-none-eabi/lib/thumb/v7-m/nofp\libg.a(lib_a-memset.o)
                0x08004958                memset
 .text.printf   0x080049fc       0x28 c:/gcc-arm-none-eabi-10.3-2021.10/bin/../lib/gcc/arm-none-eabi/10.3.1/../../../../arm-none-eabi/lib/thumb/v7-m/nofp\libg.a(lib_a-printf.o)
                0x080049fc                printf
 .text._vfprintf_r
                0x08004a24     0x1b58 c:/gcc-arm-none-eabi-10.3-2021.10/bin/../lib/gcc/arm-none-eabi/10.3.1/../../../../arm-none-eabi/lib/thumb/v7-m/nofp\libg.a(lib_a-vfprintf.o)
                0x08004a24                _vfprintf_r
 .text.__sbprintf
                0x0800657c       0x84 c:/gcc-arm-none-eabi-10.3-2021.10/bin/../lib/gcc/arm-none-eabi/10.3.1/../../../../arm-none-eabi/lib/thumb/v7-m/nofp\libg.a(lib_a-vfprintf.o)
 .text.__swsetup_r
                0x08006600       0xd4 c:/gcc-arm-none-eabi-10.3-2021.10/bin/../lib/gcc/arm-none-eabi/10.3.1/../../../../arm-none-eabi/lib/thumb/v7-m/nofp\libg.a(lib_a-wsetup.o)
                0x08006600                __swsetup_r
 .text.quorem   0x080066d4      0x12c c:/gcc-arm-none-eabi-10.3-2021.10/bin/../lib/gcc/arm-none-eabi/10.3.1/../../../../arm-none-eabi/lib/thumb/v7-m/nofp\libg.a(lib_a-dtoa.o)
 .text._dtoa_r  0x08006800      0xecc c:/gcc-arm-none-eabi-10.3-2021.10/bin/../lib/gcc/arm-none-eabi/10.3.1/../../../../arm-none-eabi/lib/thumb/v7-m/nofp\libg.a(lib_a-dtoa.o)
                0x08006800                _dtoa_r
 .text.__sflush_r
                0x080076cc      0x124 c:/gcc-arm-none-eabi-10.3-2021.10/bin/../lib/gcc/arm-none-eabi/10.3.1/../../../../arm-none-eabi/lib/thumb/v7-m/nofp\libg.a(lib_a-fflush.o)
                0x080076cc                __sflush_r
 .text._fflush_r
                0x080077f0       0x5c c:/gcc-arm-none-eabi-10.3-2021.10/bin/../lib/gcc/arm-none-eabi/10.3.1/../../../../arm-none-eabi/lib/thumb/v7-m/nofp\libg.a(lib_a-fflush.o)
                0x080077f0                _fflush_r
 .text._cleanup_r
                0x0800784c        0xc c:/gcc-arm-none-eabi-10.3-2021.10/bin/../lib/gcc/arm-none-eabi/10.3.1/../../../../arm-none-eabi/lib/thumb/v7-m/nofp\libg.a(lib_a-findfp.o)
                0x0800784c                _cleanup_r
 .text.__sinit  0x08007858      0x10c c:/gcc-arm-none-eabi-10.3-2021.10/bin/../lib/gcc/arm-none-eabi/10.3.1/../../../../arm-none-eabi/lib/thumb/v7-m/nofp\libg.a(lib_a-findfp.o)
                0x08007858                __sinit
 .text.__sfp_lock_acquire
                0x08007964        0xc c:/gcc-arm-none-eabi-10.3-2021.10/bin/../lib/gcc/arm-none-eabi/10.3.1/../../../../arm-none-eabi/lib/thumb/v7-m/nofp\libg.a(lib_a-findfp.o)
                0x08007964                __sfp_lock_acquire
 .text.__sfp_lock_release
                0x08007970        0xc c:/gcc-arm-none-eabi-10.3-2021.10/bin/../lib/gcc/arm-none-eabi/10.3.1/../../../../arm-none-eabi/lib/thumb/v7-m/nofp\libg.a(lib_a-findfp.o)
                0x08007970                __sfp_lock_release
 .text._malloc_trim_r
                0x0800797c       0xa0 c:/gcc-arm-none-eabi-10.3-2021.10/bin/../lib/gcc/arm-none-eabi/10.3.1/../../../../arm-none-eabi/lib/thumb/v7-m/nofp\libg.a(lib_a-freer.o)
                0x0800797c                _malloc_trim_r
 .text._free_r  0x08007a1c      0x200 c:/gcc-arm-none-eabi-10.3-2021.10/bin/../lib/gcc/arm-none-eabi/10.3.1/../../../../arm-none-eabi/lib/thumb/v7-m/nofp\libg.a(lib_a-freer.o)
                0x08007a1c                _free_r
 .text._fwalk_reent
                0x08007c1c       0x48 c:/gcc-arm-none-eabi-10.3-2021.10/bin/../lib/gcc/arm-none-eabi/10.3.1/../../../../arm-none-eabi/lib/thumb/v7-m/nofp\libg.a(lib_a-fwalk.o)
                0x08007c1c                _fwalk_reent
 .text._localeconv_r
                0x08007c64        0x8 c:/gcc-arm-none-eabi-10.3-2021.10/bin/../lib/gcc/arm-none-eabi/10.3.1/../../../../arm-none-eabi/lib/thumb/v7-m/nofp\libg.a(lib_a-localeconv.o)
                0x08007c64                _localeconv_r
 .text.__retarget_lock_init_recursive
                0x08007c6c        0x4 c:/gcc-arm-none-eabi-10.3-2021.10/bin/../lib/gcc/arm-none-eabi/10.3.1/../../../../arm-none-eabi/lib/thumb/v7-m/nofp\libg.a(lib_a-lock.o)
                0x08007c6c                __retarget_lock_init_recursive
 .text.__retarget_lock_close_recursive
                0x08007c70        0x4 c:/gcc-arm-none-eabi-10.3-2021.10/bin/../lib/gcc/arm-none-eabi/10.3.1/../../../../arm-none-eabi/lib/thumb/v7-m/nofp\libg.a(lib_a-lock.o)
                0x08007c70                __retarget_lock_close_recursive
 .text.__retarget_lock_acquire_recursive
                0x08007c74        0x4 c:/gcc-arm-none-eabi-10.3-2021.10/bin/../lib/gcc/arm-none-eabi/10.3.1/../../../../arm-none-eabi/lib/thumb/v7-m/nofp\libg.a(lib_a-lock.o)
                0x08007c74                __retarget_lock_acquire_recursive
 .text.__retarget_lock_release_recursive
                0x08007c78        0x4 c:/gcc-arm-none-eabi-10.3-2021.10/bin/../lib/gcc/arm-none-eabi/10.3.1/../../../../arm-none-eabi/lib/thumb/v7-m/nofp\libg.a(lib_a-lock.o)
                0x08007c78                __retarget_lock_release_recursive
 .text.__smakebuf_r
                0x08007c7c       0xe0 c:/gcc-arm-none-eabi-10.3-2021.10/bin/../lib/gcc/arm-none-eabi/10.3.1/../../../../arm-none-eabi/lib/thumb/v7-m/nofp\libg.a(lib_a-makebuf.o)
                0x08007c7c                __smakebuf_r
 .text._malloc_r
                0x08007d5c      0x558 c:/gcc-arm-none-eabi-10.3-2021.10/bin/../lib/gcc/arm-none-eabi/10.3.1/../../../../arm-none-eabi/lib/thumb/v7-m/nofp\libg.a(lib_a-mallocr.o)
                0x08007d5c                _malloc_r
 .text.memchr   0x080082b4       0x90 c:/gcc-arm-none-eabi-10.3-2021.10/bin/../lib/gcc/arm-none-eabi/10.3.1/../../../../arm-none-eabi/lib/thumb/v7-m/nofp\libg.a(lib_a-memchr-stub.o)
                0x080082b4                memchr
 .text.__malloc_lock
                0x08008344        0xc c:/gcc-arm-none-eabi-10.3-2021.10/bin/../lib/gcc/arm-none-eabi/10.3.1/../../../../arm-none-eabi/lib/thumb/v7-m/nofp\libg.a(lib_a-mlock.o)
                0x08008344                __malloc_lock
 .text.__malloc_unlock
                0x08008350        0xc c:/gcc-arm-none-eabi-10.3-2021.10/bin/../lib/gcc/arm-none-eabi/10.3.1/../../../../arm-none-eabi/lib/thumb/v7-m/nofp\libg.a(lib_a-mlock.o)
                0x08008350                __malloc_unlock
 .text._Balloc  0x0800835c       0x4c c:/gcc-arm-none-eabi-10.3-2021.10/bin/../lib/gcc/arm-none-eabi/10.3.1/../../../../arm-none-eabi/lib/thumb/v7-m/nofp\libg.a(lib_a-mprec.o)
                0x0800835c                _Balloc
 .text._Bfree   0x080083a8       0x14 c:/gcc-arm-none-eabi-10.3-2021.10/bin/../lib/gcc/arm-none-eabi/10.3.1/../../../../arm-none-eabi/lib/thumb/v7-m/nofp\libg.a(lib_a-mprec.o)
                0x080083a8                _Bfree
 .text.__multadd
                0x080083bc       0xa4 c:/gcc-arm-none-eabi-10.3-2021.10/bin/../lib/gcc/arm-none-eabi/10.3.1/../../../../arm-none-eabi/lib/thumb/v7-m/nofp\libg.a(lib_a-mprec.o)
                0x080083bc                __multadd
 .text.__hi0bits
                0x08008460       0x40 c:/gcc-arm-none-eabi-10.3-2021.10/bin/../lib/gcc/arm-none-eabi/10.3.1/../../../../arm-none-eabi/lib/thumb/v7-m/nofp\libg.a(lib_a-mprec.o)
                0x08008460                __hi0bits
 .text.__lo0bits
                0x080084a0       0x58 c:/gcc-arm-none-eabi-10.3-2021.10/bin/../lib/gcc/arm-none-eabi/10.3.1/../../../../arm-none-eabi/lib/thumb/v7-m/nofp\libg.a(lib_a-mprec.o)
                0x080084a0                __lo0bits
 .text.__i2b    0x080084f8       0x5c c:/gcc-arm-none-eabi-10.3-2021.10/bin/../lib/gcc/arm-none-eabi/10.3.1/../../../../arm-none-eabi/lib/thumb/v7-m/nofp\libg.a(lib_a-mprec.o)
                0x080084f8                __i2b
 .text.__multiply
                0x08008554      0x15c c:/gcc-arm-none-eabi-10.3-2021.10/bin/../lib/gcc/arm-none-eabi/10.3.1/../../../../arm-none-eabi/lib/thumb/v7-m/nofp\libg.a(lib_a-mprec.o)
                0x08008554                __multiply
 .text.__pow5mult
                0x080086b0       0xb8 c:/gcc-arm-none-eabi-10.3-2021.10/bin/../lib/gcc/arm-none-eabi/10.3.1/../../../../arm-none-eabi/lib/thumb/v7-m/nofp\libg.a(lib_a-mprec.o)
                0x080086b0                __pow5mult
 .text.__lshift
                0x08008768       0xec c:/gcc-arm-none-eabi-10.3-2021.10/bin/../lib/gcc/arm-none-eabi/10.3.1/../../../../arm-none-eabi/lib/thumb/v7-m/nofp\libg.a(lib_a-mprec.o)
                0x08008768                __lshift
 .text.__mcmp   0x08008854       0x40 c:/gcc-arm-none-eabi-10.3-2021.10/bin/../lib/gcc/arm-none-eabi/10.3.1/../../../../arm-none-eabi/lib/thumb/v7-m/nofp\libg.a(lib_a-mprec.o)
                0x08008854                __mcmp
 .text.__mdiff  0x08008894      0x14c c:/gcc-arm-none-eabi-10.3-2021.10/bin/../lib/gcc/arm-none-eabi/10.3.1/../../../../arm-none-eabi/lib/thumb/v7-m/nofp\libg.a(lib_a-mprec.o)
                0x08008894                __mdiff
 .text.__d2b    0x080089e0       0xc4 c:/gcc-arm-none-eabi-10.3-2021.10/bin/../lib/gcc/arm-none-eabi/10.3.1/../../../../arm-none-eabi/lib/thumb/v7-m/nofp\libg.a(lib_a-mprec.o)
                0x080089e0                __d2b
 .text.frexp    0x08008aa4       0x70 c:/gcc-arm-none-eabi-10.3-2021.10/bin/../lib/gcc/arm-none-eabi/10.3.1/../../../../arm-none-eabi/lib/thumb/v7-m/nofp\libg.a(lib_a-s_frexp.o)
                0x08008aa4                frexp
 .text._sbrk_r  0x08008b14       0x24 c:/gcc-arm-none-eabi-10.3-2021.10/bin/../lib/gcc/arm-none-eabi/10.3.1/../../../../arm-none-eabi/lib/thumb/v7-m/nofp\libg.a(lib_a-sbrkr.o)
                0x08008b14                _sbrk_r
 .text.__sread  0x08008b38       0x24 c:/gcc-arm-none-eabi-10.3-2021.10/bin/../lib/gcc/arm-none-eabi/10.3.1/../../../../arm-none-eabi/lib/thumb/v7-m/nofp\libg.a(lib_a-stdio.o)
                0x08008b38                __sread
 .text.__swrite
                0x08008b5c       0x40 c:/gcc-arm-none-eabi-10.3-2021.10/bin/../lib/gcc/arm-none-eabi/10.3.1/../../../../arm-none-eabi/lib/thumb/v7-m/nofp\libg.a(lib_a-stdio.o)
                0x08008b5c                __swrite
 .text.__sseek  0x08008b9c       0x20 c:/gcc-arm-none-eabi-10.3-2021.10/bin/../lib/gcc/arm-none-eabi/10.3.1/../../../../arm-none-eabi/lib/thumb/v7-m/nofp\libg.a(lib_a-stdio.o)
                0x08008b9c                __sseek
 .text.__sclose
                0x08008bbc        0x8 c:/gcc-arm-none-eabi-10.3-2021.10/bin/../lib/gcc/arm-none-eabi/10.3.1/../../../../arm-none-eabi/lib/thumb/v7-m/nofp\libg.a(lib_a-stdio.o)
                0x08008bbc                __sclose
 .text.strlen   0x08008bc4       0x5c c:/gcc-arm-none-eabi-10.3-2021.10/bin/../lib/gcc/arm-none-eabi/10.3.1/../../../../arm-none-eabi/lib/thumb/v7-m/nofp\libg.a(lib_a-strlen-stub.o)
                0x08008bc4                strlen
 .text.strncpy  0x08008c20       0x68 c:/gcc-arm-none-eabi-10.3-2021.10/bin/../lib/gcc/arm-none-eabi/10.3.1/../../../../arm-none-eabi/lib/thumb/v7-m/nofp\libg.a(lib_a-strncpy.o)
                0x08008c20                strncpy
 .text.__sprint_r.part.0
                0x08008c88       0x78 c:/gcc-arm-none-eabi-10.3-2021.10/bin/../lib/gcc/arm-none-eabi/10.3.1/../../../../arm-none-eabi/lib/thumb/v7-m/nofp\libg.a(lib_a-vfiprintf.o)
 .text.__sprint_r
                0x08008d00       0x14 c:/gcc-arm-none-eabi-10.3-2021.10/bin/../lib/gcc/arm-none-eabi/10.3.1/../../../../arm-none-eabi/lib/thumb/v7-m/nofp\libg.a(lib_a-vfiprintf.o)
                0x08008d00                __sprint_r
 .text._vfiprintf_r
                0x08008d14      0xd98 c:/gcc-arm-none-eabi-10.3-2021.10/bin/../lib/gcc/arm-none-eabi/10.3.1/../../../../arm-none-eabi/lib/thumb/v7-m/nofp\libg.a(lib_a-vfiprintf.o)
                0x08008d14                _vfiprintf_r
 .text.__sbprintf
                0x08009aac       0x84 c:/gcc-arm-none-eabi-10.3-2021.10/bin/../lib/gcc/arm-none-eabi/10.3.1/../../../../arm-none-eabi/lib/thumb/v7-m/nofp\libg.a(lib_a-vfiprintf.o)
 .text._write_r
                0x08009b30       0x2c c:/gcc-arm-none-eabi-10.3-2021.10/bin/../lib/gcc/arm-none-eabi/10.3.1/../../../../arm-none-eabi/lib/thumb/v7-m/nofp\libg.a(lib_a-writer.o)
                0x08009b30                _write_r
 .text.__assert_func
                0x08009b5c       0x40 c:/gcc-arm-none-eabi-10.3-2021.10/bin/../lib/gcc/arm-none-eabi/10.3.1/../../../../arm-none-eabi/lib/thumb/v7-m/nofp\libg.a(lib_a-assert.o)
                0x08009b5c                __assert_func
 .text._calloc_r
                0x08009b9c       0x78 c:/gcc-arm-none-eabi-10.3-2021.10/bin/../lib/gcc/arm-none-eabi/10.3.1/../../../../arm-none-eabi/lib/thumb/v7-m/nofp\libg.a(lib_a-callocr.o)
                0x08009b9c                _calloc_r
 .text._close_r
                0x08009c14       0x24 c:/gcc-arm-none-eabi-10.3-2021.10/bin/../lib/gcc/arm-none-eabi/10.3.1/../../../../arm-none-eabi/lib/thumb/v7-m/nofp\libg.a(lib_a-closer.o)
                0x08009c14                _close_r
 .text._fclose_r
                0x08009c38       0xcc c:/gcc-arm-none-eabi-10.3-2021.10/bin/../lib/gcc/arm-none-eabi/10.3.1/../../../../arm-none-eabi/lib/thumb/v7-m/nofp\libg.a(lib_a-fclose.o)
                0x08009c38                _fclose_r
 .text.fiprintf
                0x08009d04       0x28 c:/gcc-arm-none-eabi-10.3-2021.10/bin/../lib/gcc/arm-none-eabi/10.3.1/../../../../arm-none-eabi/lib/thumb/v7-m/nofp\libg.a(lib_a-fiprintf.o)
                0x08009d04                fiprintf
 .text.__fputwc
                0x08009d2c       0xa0 c:/gcc-arm-none-eabi-10.3-2021.10/bin/../lib/gcc/arm-none-eabi/10.3.1/../../../../arm-none-eabi/lib/thumb/v7-m/nofp\libg.a(lib_a-fputwc.o)
                0x08009d2c                __fputwc
 .text._fputwc_r
                0x08009dcc       0x68 c:/gcc-arm-none-eabi-10.3-2021.10/bin/../lib/gcc/arm-none-eabi/10.3.1/../../../../arm-none-eabi/lib/thumb/v7-m/nofp\libg.a(lib_a-fputwc.o)
                0x08009dcc                _fputwc_r
 .text._fstat_r
                0x08009e34       0x28 c:/gcc-arm-none-eabi-10.3-2021.10/bin/../lib/gcc/arm-none-eabi/10.3.1/../../../../arm-none-eabi/lib/thumb/v7-m/nofp\libg.a(lib_a-fstatr.o)
                0x08009e34                _fstat_r
 .text.__sfvwrite_r
                0x08009e5c      0x2f0 c:/gcc-arm-none-eabi-10.3-2021.10/bin/../lib/gcc/arm-none-eabi/10.3.1/../../../../arm-none-eabi/lib/thumb/v7-m/nofp\libg.a(lib_a-fvwrite.o)
                0x08009e5c                __sfvwrite_r
 .text._isatty_r
                0x0800a14c       0x24 c:/gcc-arm-none-eabi-10.3-2021.10/bin/../lib/gcc/arm-none-eabi/10.3.1/../../../../arm-none-eabi/lib/thumb/v7-m/nofp\libg.a(lib_a-isattyr.o)
                0x0800a14c                _isatty_r
 .text.__locale_mb_cur_max
                0x0800a170        0xc c:/gcc-arm-none-eabi-10.3-2021.10/bin/../lib/gcc/arm-none-eabi/10.3.1/../../../../arm-none-eabi/lib/thumb/v7-m/nofp\libg.a(lib_a-locale.o)
                0x0800a170                __locale_mb_cur_max
 .text._lseek_r
                0x0800a17c       0x2c c:/gcc-arm-none-eabi-10.3-2021.10/bin/../lib/gcc/arm-none-eabi/10.3.1/../../../../arm-none-eabi/lib/thumb/v7-m/nofp\libg.a(lib_a-lseekr.o)
                0x0800a17c                _lseek_r
 .text.__ascii_mbtowc
                0x0800a1a8       0x2c c:/gcc-arm-none-eabi-10.3-2021.10/bin/../lib/gcc/arm-none-eabi/10.3.1/../../../../arm-none-eabi/lib/thumb/v7-m/nofp\libg.a(lib_a-mbtowc_r.o)
                0x0800a1a8                __ascii_mbtowc
 .text.memmove  0x0800a1d4       0xf8 c:/gcc-arm-none-eabi-10.3-2021.10/bin/../lib/gcc/arm-none-eabi/10.3.1/../../../../arm-none-eabi/lib/thumb/v7-m/nofp\libg.a(lib_a-memmove.o)
                0x0800a1d4                memmove
 .text._read_r  0x0800a2cc       0x2c c:/gcc-arm-none-eabi-10.3-2021.10/bin/../lib/gcc/arm-none-eabi/10.3.1/../../../../arm-none-eabi/lib/thumb/v7-m/nofp\libg.a(lib_a-readr.o)
                0x0800a2cc                _read_r
 .text._realloc_r
                0x0800a2f8      0x3dc c:/gcc-arm-none-eabi-10.3-2021.10/bin/../lib/gcc/arm-none-eabi/10.3.1/../../../../arm-none-eabi/lib/thumb/v7-m/nofp\libg.a(lib_a-reallocr.o)
                0x0800a2f8                _realloc_r
 .text.__swbuf_r
                0x0800a6d4       0xb0 c:/gcc-arm-none-eabi-10.3-2021.10/bin/../lib/gcc/arm-none-eabi/10.3.1/../../../../arm-none-eabi/lib/thumb/v7-m/nofp\libg.a(lib_a-wbuf.o)
                0x0800a6d4                __swbuf_r
 .text._wcrtomb_r
                0x0800a784       0x3c c:/gcc-arm-none-eabi-10.3-2021.10/bin/../lib/gcc/arm-none-eabi/10.3.1/../../../../arm-none-eabi/lib/thumb/v7-m/nofp\libg.a(lib_a-wcrtomb.o)
                0x0800a784                _wcrtomb_r
 .text.__ascii_wctomb
                0x0800a7c0       0x1c c:/gcc-arm-none-eabi-10.3-2021.10/bin/../lib/gcc/arm-none-eabi/10.3.1/../../../../arm-none-eabi/lib/thumb/v7-m/nofp\libg.a(lib_a-wctomb_r.o)
                0x0800a7c0                __ascii_wctomb
 .text.abort    0x0800a7dc       0x10 c:/gcc-arm-none-eabi-10.3-2021.10/bin/../lib/gcc/arm-none-eabi/10.3.1/../../../../arm-none-eabi/lib/thumb/v7-m/nofp\libg.a(lib_a-abort.o)
                0x0800a7dc                abort
 .text.raise    0x0800a7ec       0x5c c:/gcc-arm-none-eabi-10.3-2021.10/bin/../lib/gcc/arm-none-eabi/10.3.1/../../../../arm-none-eabi/lib/thumb/v7-m/nofp\libg.a(lib_a-signal.o)
                0x0800a7ec                raise
 .text._kill_r  0x0800a848       0x28 c:/gcc-arm-none-eabi-10.3-2021.10/bin/../lib/gcc/arm-none-eabi/10.3.1/../../../../arm-none-eabi/lib/thumb/v7-m/nofp\libg.a(lib_a-signalr.o)
                0x0800a848                _kill_r
 .text._getpid_r
                0x0800a870        0x4 c:/gcc-arm-none-eabi-10.3-2021.10/bin/../lib/gcc/arm-none-eabi/10.3.1/../../../../arm-none-eabi/lib/thumb/v7-m/nofp\libg.a(lib_a-signalr.o)
                0x0800a870                _getpid_r
 *(.glue_7)
 .glue_7        0x0800a874        0x0 linker stubs
 *(.glue_7t)
 .glue_7t       0x0800a874        0x0 linker stubs
 *(.eh_frame)
 *(.init)
 .init          0x0800a874        0x4 c:/gcc-arm-none-eabi-10.3-2021.10/bin/../lib/gcc/arm-none-eabi/10.3.1/thumb/v7-m/nofp/crti.o
                0x0800a874                _init
 .init          0x0800a878        0x8 c:/gcc-arm-none-eabi-10.3-2021.10/bin/../lib/gcc/arm-none-eabi/10.3.1/thumb/v7-m/nofp/crtn.o
 *(.fini)
 .fini          0x0800a880        0x4 c:/gcc-arm-none-eabi-10.3-2021.10/bin/../lib/gcc/arm-none-eabi/10.3.1/thumb/v7-m/nofp/crti.o
                0x0800a880                _fini
 .fini          0x0800a884        0x8 c:/gcc-arm-none-eabi-10.3-2021.10/bin/../lib/gcc/arm-none-eabi/10.3.1/thumb/v7-m/nofp/crtn.o
                0x0800a88c                . = ALIGN (0x4)
                0x0800a88c                _etext = .

.vfp11_veneer   0x0800a88c        0x0
 .vfp11_veneer  0x0800a88c        0x0 linker stubs

.v4_bx          0x0800a88c        0x0
 .v4_bx         0x0800a88c        0x0 linker stubs

.iplt           0x0800a88c        0x0
 .iplt          0x0800a88c        0x0 CMakeFiles/MotorPID.elf.dir/Core/Src/Encoder.c.obj

.rodata         0x0800a890      0xa78
                0x0800a890                . = ALIGN (0x4)
 *(.rodata)
 *(.rodata*)
 .rodata.OLED_F8x16
                0x0800a890      0x5f0 CMakeFiles/MotorPID.elf.dir/Core/Src/OLED.c.obj
                0x0800a890                OLED_F8x16
 .rodata.main.str1.4
                0x0800ae80       0x4f CMakeFiles/MotorPID.elf.dir/Core/Src/main.c.obj
 *fill*         0x0800aecf        0x1 
 .rodata.AHBPrescTable
                0x0800aed0       0x10 CMakeFiles/MotorPID.elf.dir/Core/Src/system_stm32f1xx.c.obj
                0x0800aed0                AHBPrescTable
 .rodata.APBPrescTable
                0x0800aee0        0x8 CMakeFiles/MotorPID.elf.dir/Core/Src/system_stm32f1xx.c.obj
                0x0800aee0                APBPrescTable
 .rodata.aPLLMULFactorTable.1
                0x0800aee8       0x10 CMakeFiles/MotorPID.elf.dir/Drivers/STM32F1xx_HAL_Driver/Src/stm32f1xx_hal_rcc.c.obj
 .rodata.aPredivFactorTable.0
                0x0800aef8        0x2 CMakeFiles/MotorPID.elf.dir/Drivers/STM32F1xx_HAL_Driver/Src/stm32f1xx_hal_rcc.c.obj
 *fill*         0x0800aefa        0x2 
 .rodata.aPLLMULFactorTable.1
                0x0800aefc       0x10 CMakeFiles/MotorPID.elf.dir/Drivers/STM32F1xx_HAL_Driver/Src/stm32f1xx_hal_rcc_ex.c.obj
 .rodata.aPredivFactorTable.0
                0x0800af0c        0x2 CMakeFiles/MotorPID.elf.dir/Drivers/STM32F1xx_HAL_Driver/Src/stm32f1xx_hal_rcc_ex.c.obj
 *fill*         0x0800af0e        0x2 
 .rodata._vfprintf_r.str1.4
                0x0800af10       0x42 c:/gcc-arm-none-eabi-10.3-2021.10/bin/../lib/gcc/arm-none-eabi/10.3.1/../../../../arm-none-eabi/lib/thumb/v7-m/nofp\libg.a(lib_a-vfprintf.o)
 *fill*         0x0800af52        0x2 
 .rodata.blanks.1
                0x0800af54       0x10 c:/gcc-arm-none-eabi-10.3-2021.10/bin/../lib/gcc/arm-none-eabi/10.3.1/../../../../arm-none-eabi/lib/thumb/v7-m/nofp\libg.a(lib_a-vfprintf.o)
 .rodata.zeroes.0
                0x0800af64       0x10 c:/gcc-arm-none-eabi-10.3-2021.10/bin/../lib/gcc/arm-none-eabi/10.3.1/../../../../arm-none-eabi/lib/thumb/v7-m/nofp\libg.a(lib_a-vfprintf.o)
 .rodata._dtoa_r.str1.4
                0x0800af74       0xa2 c:/gcc-arm-none-eabi-10.3-2021.10/bin/../lib/gcc/arm-none-eabi/10.3.1/../../../../arm-none-eabi/lib/thumb/v7-m/nofp\libg.a(lib_a-dtoa.o)
                                 0xa6 (size before relaxing)
 *fill*         0x0800b016        0x2 
 .rodata.__multadd.str1.4
                0x0800b018       0x7f c:/gcc-arm-none-eabi-10.3-2021.10/bin/../lib/gcc/arm-none-eabi/10.3.1/../../../../arm-none-eabi/lib/thumb/v7-m/nofp\libg.a(lib_a-mprec.o)
                                 0x93 (size before relaxing)
 *fill*         0x0800b097        0x1 
 .rodata.__mprec_bigtens
                0x0800b098       0x28 c:/gcc-arm-none-eabi-10.3-2021.10/bin/../lib/gcc/arm-none-eabi/10.3.1/../../../../arm-none-eabi/lib/thumb/v7-m/nofp\libg.a(lib_a-mprec.o)
                0x0800b098                __mprec_bigtens
 .rodata.__mprec_tens
                0x0800b0c0       0xc8 c:/gcc-arm-none-eabi-10.3-2021.10/bin/../lib/gcc/arm-none-eabi/10.3.1/../../../../arm-none-eabi/lib/thumb/v7-m/nofp\libg.a(lib_a-mprec.o)
                0x0800b0c0                __mprec_tens
 .rodata.p05.0  0x0800b188        0xc c:/gcc-arm-none-eabi-10.3-2021.10/bin/../lib/gcc/arm-none-eabi/10.3.1/../../../../arm-none-eabi/lib/thumb/v7-m/nofp\libg.a(lib_a-mprec.o)
 .rodata._vfiprintf_r.str1.4
                0x0800b194       0x2f c:/gcc-arm-none-eabi-10.3-2021.10/bin/../lib/gcc/arm-none-eabi/10.3.1/../../../../arm-none-eabi/lib/thumb/v7-m/nofp\libg.a(lib_a-vfiprintf.o)
 .rodata.blanks.1
                0x0800b194       0x10 c:/gcc-arm-none-eabi-10.3-2021.10/bin/../lib/gcc/arm-none-eabi/10.3.1/../../../../arm-none-eabi/lib/thumb/v7-m/nofp\libg.a(lib_a-vfiprintf.o)
 .rodata.zeroes.0
                0x0800b1a4       0x10 c:/gcc-arm-none-eabi-10.3-2021.10/bin/../lib/gcc/arm-none-eabi/10.3.1/../../../../arm-none-eabi/lib/thumb/v7-m/nofp\libg.a(lib_a-vfiprintf.o)
 .rodata.__assert_func.str1.4
                0x0800b1b4       0x3f c:/gcc-arm-none-eabi-10.3-2021.10/bin/../lib/gcc/arm-none-eabi/10.3.1/../../../../arm-none-eabi/lib/thumb/v7-m/nofp\libg.a(lib_a-assert.o)
                                 0x43 (size before relaxing)
 *fill*         0x0800b1f3        0x1 
 .rodata._setlocale_r.str1.4
                0x0800b1f4        0xa c:/gcc-arm-none-eabi-10.3-2021.10/bin/../lib/gcc/arm-none-eabi/10.3.1/../../../../arm-none-eabi/lib/thumb/v7-m/nofp\libg.a(lib_a-locale.o)
                                  0xd (size before relaxing)
 *fill*         0x0800b1fe        0x2 
 .rodata.str1.4
                0x0800b200        0x2 c:/gcc-arm-none-eabi-10.3-2021.10/bin/../lib/gcc/arm-none-eabi/10.3.1/../../../../arm-none-eabi/lib/thumb/v7-m/nofp\libg.a(lib_a-locale.o)
 *fill*         0x0800b202        0x2 
 .rodata._ctype_
                0x0800b204      0x101 c:/gcc-arm-none-eabi-10.3-2021.10/bin/../lib/gcc/arm-none-eabi/10.3.1/../../../../arm-none-eabi/lib/thumb/v7-m/nofp\libg.a(lib_a-ctype_.o)
                0x0800b204                _ctype_
                0x0800b308                . = ALIGN (0x4)
 *fill*         0x0800b305        0x3 
                0x0800b310                _sidata = LOADADDR (.data)

.ARM.exidx      0x0800b308        0x8
 .ARM.exidx     0x0800b308        0x8 c:/gcc-arm-none-eabi-10.3-2021.10/bin/../lib/gcc/arm-none-eabi/10.3.1/thumb/v7-m/nofp\libgcc.a(_udivmoddi4.o)

.rel.dyn        0x0800b310        0x0
 .rel.iplt      0x0800b310        0x0 CMakeFiles/MotorPID.elf.dir/Core/Src/Encoder.c.obj

.data           0x20000000      0x9ec load address 0x0800b310
                0x20000000                . = ALIGN (0x4)
                0x20000000                _sdata = .
 *(.data)
 *(.data*)
 .data.R_ADDR   0x20000000        0x5 CMakeFiles/MotorPID.elf.dir/Core/Src/NRF24L01.c.obj
                0x20000000                R_ADDR
 *fill*         0x20000005        0x3 
 .data.T_ADDR   0x20000008        0x5 CMakeFiles/MotorPID.elf.dir/Core/Src/NRF24L01.c.obj
                0x20000008                T_ADDR
 *fill*         0x2000000d        0x3 
 .data.F_Position_Kd
                0x20000010        0x4 CMakeFiles/MotorPID.elf.dir/Core/Src/PID.c.obj
                0x20000010                F_Position_Kd
 .data.F_Position_Ki
                0x20000014        0x4 CMakeFiles/MotorPID.elf.dir/Core/Src/PID.c.obj
                0x20000014                F_Position_Ki
 .data.F_Position_Kp
                0x20000018        0x4 CMakeFiles/MotorPID.elf.dir/Core/Src/PID.c.obj
                0x20000018                F_Position_Kp
 .data.Position_Kd
                0x2000001c        0x4 CMakeFiles/MotorPID.elf.dir/Core/Src/PID.c.obj
                0x2000001c                Position_Kd
 .data.Position_Kp
                0x20000020        0x4 CMakeFiles/MotorPID.elf.dir/Core/Src/PID.c.obj
                0x20000020                Position_Kp
 .data.Speed_Kd
                0x20000024        0x4 CMakeFiles/MotorPID.elf.dir/Core/Src/PID.c.obj
                0x20000024                Speed_Kd
 .data.Speed_Ki
                0x20000028        0x4 CMakeFiles/MotorPID.elf.dir/Core/Src/PID.c.obj
                0x20000028                Speed_Ki
 .data.Speed_Kp
                0x2000002c        0x4 CMakeFiles/MotorPID.elf.dir/Core/Src/PID.c.obj
                0x2000002c                Speed_Kp
 .data.Mode_State
                0x20000030        0x1 CMakeFiles/MotorPID.elf.dir/Core/Src/main.c.obj
                0x20000030                Mode_State
 *fill*         0x20000031        0x3 
 .data.SystemCoreClock
                0x20000034        0x4 CMakeFiles/MotorPID.elf.dir/Core/Src/system_stm32f1xx.c.obj
                0x20000034                SystemCoreClock
 .data.uwTickFreq
                0x20000038        0x1 CMakeFiles/MotorPID.elf.dir/Drivers/STM32F1xx_HAL_Driver/Src/stm32f1xx_hal.c.obj
                0x20000038                uwTickFreq
 *fill*         0x20000039        0x3 
 .data.uwTickPrio
                0x2000003c        0x4 CMakeFiles/MotorPID.elf.dir/Drivers/STM32F1xx_HAL_Driver/Src/stm32f1xx_hal.c.obj
                0x2000003c                uwTickPrio
 .data._impure_ptr
                0x20000040        0x4 c:/gcc-arm-none-eabi-10.3-2021.10/bin/../lib/gcc/arm-none-eabi/10.3.1/../../../../arm-none-eabi/lib/thumb/v7-m/nofp\libg.a(lib_a-impure.o)
                0x20000040                _impure_ptr
 *fill*         0x20000044        0x4 
 .data.impure_data
                0x20000048      0x428 c:/gcc-arm-none-eabi-10.3-2021.10/bin/../lib/gcc/arm-none-eabi/10.3.1/../../../../arm-none-eabi/lib/thumb/v7-m/nofp\libg.a(lib_a-impure.o)
 .data.__malloc_av_
                0x20000470      0x408 c:/gcc-arm-none-eabi-10.3-2021.10/bin/../lib/gcc/arm-none-eabi/10.3.1/../../../../arm-none-eabi/lib/thumb/v7-m/nofp\libg.a(lib_a-mallocr.o)
                0x20000470                __malloc_av_
 .data.__malloc_sbrk_base
                0x20000878        0x4 c:/gcc-arm-none-eabi-10.3-2021.10/bin/../lib/gcc/arm-none-eabi/10.3.1/../../../../arm-none-eabi/lib/thumb/v7-m/nofp\libg.a(lib_a-mallocr.o)
                0x20000878                __malloc_sbrk_base
 .data.__malloc_trim_threshold
                0x2000087c        0x4 c:/gcc-arm-none-eabi-10.3-2021.10/bin/../lib/gcc/arm-none-eabi/10.3.1/../../../../arm-none-eabi/lib/thumb/v7-m/nofp\libg.a(lib_a-mallocr.o)
                0x2000087c                __malloc_trim_threshold
 .data.__global_locale
                0x20000880      0x16c c:/gcc-arm-none-eabi-10.3-2021.10/bin/../lib/gcc/arm-none-eabi/10.3.1/../../../../arm-none-eabi/lib/thumb/v7-m/nofp\libg.a(lib_a-locale.o)
                0x20000880                __global_locale
 *(.RamFunc)
 *(.RamFunc*)
                0x200009ec                . = ALIGN (0x4)
                0x200009ec                _edata = .

.igot.plt       0x200009ec        0x0 load address 0x0800bcfc
 .igot.plt      0x200009ec        0x0 CMakeFiles/MotorPID.elf.dir/Core/Src/Encoder.c.obj
                0x200009ec                . = ALIGN (0x4)

.bss            0x200009ec      0x218 load address 0x0800bcfc
                0x200009ec                _sbss = .
                0x200009ec                __bss_start__ = _sbss
 *(.bss)
 *(.bss*)
 .bss.Bias      0x200009ec        0x4 CMakeFiles/MotorPID.elf.dir/Core/Src/PID.c.obj
                0x200009ec                Bias
 .bss.Last_Error
                0x200009f0        0x4 CMakeFiles/MotorPID.elf.dir/Core/Src/PID.c.obj
                0x200009f0                Last_Error
 .bss.Last_bias
                0x200009f4        0x4 CMakeFiles/MotorPID.elf.dir/Core/Src/PID.c.obj
                0x200009f4                Last_bias
 .bss.Position_Ki
                0x200009f8        0x4 CMakeFiles/MotorPID.elf.dir/Core/Src/PID.c.obj
                0x200009f8                Position_Ki
 .bss.Prev_bias
                0x200009fc        0x4 CMakeFiles/MotorPID.elf.dir/Core/Src/PID.c.obj
                0x200009fc                Prev_bias
 .bss.Pwm_D     0x20000a00        0x4 CMakeFiles/MotorPID.elf.dir/Core/Src/PID.c.obj
                0x20000a00                Pwm_D
 .bss.Pwm_P     0x20000a04        0x4 CMakeFiles/MotorPID.elf.dir/Core/Src/PID.c.obj
                0x20000a04                Pwm_P
 .bss.Pwm_S     0x20000a08        0x4 CMakeFiles/MotorPID.elf.dir/Core/Src/PID.c.obj
                0x20000a08                Pwm_S
 .bss.Pwm_integral
                0x20000a0c        0x4 CMakeFiles/MotorPID.elf.dir/Core/Src/PID.c.obj
                0x20000a0c                Pwm_integral
 .bss.hadc1     0x20000a10       0x30 CMakeFiles/MotorPID.elf.dir/Core/Src/adc.c.obj
                0x20000a10                hadc1
 .bss.hdma_adc1
                0x20000a40       0x44 CMakeFiles/MotorPID.elf.dir/Core/Src/adc.c.obj
                0x20000a40                hdma_adc1
 .bss.ADC_Value
                0x20000a84        0x4 CMakeFiles/MotorPID.elf.dir/Core/Src/main.c.obj
                0x20000a84                ADC_Value
 .bss.ADD       0x20000a88        0x2 CMakeFiles/MotorPID.elf.dir/Core/Src/main.c.obj
                0x20000a88                ADD
 *fill*         0x20000a8a        0x2 
 .bss.Data      0x20000a8c        0x2 CMakeFiles/MotorPID.elf.dir/Core/Src/main.c.obj
                0x20000a8c                Data
 .bss.Target_Position
                0x20000a8e        0x2 CMakeFiles/MotorPID.elf.dir/Core/Src/main.c.obj
                0x20000a8e                Target_Position
 .bss.Target_Speed
                0x20000a90        0x2 CMakeFiles/MotorPID.elf.dir/Core/Src/main.c.obj
                0x20000a90                Target_Speed
 .bss.circle    0x20000a92        0x2 CMakeFiles/MotorPID.elf.dir/Core/Src/main.c.obj
                0x20000a92                circle
 .bss.control   0x20000a94        0x2 CMakeFiles/MotorPID.elf.dir/Core/Src/main.c.obj
                0x20000a94                control
 .bss.speed_now
                0x20000a96        0x2 CMakeFiles/MotorPID.elf.dir/Core/Src/main.c.obj
                0x20000a96                speed_now
 .bss.__sbrk_heap_end
                0x20000a98        0x4 CMakeFiles/MotorPID.elf.dir/Core/Src/sysmem.c.obj
 .bss.htim1     0x20000a9c       0x48 CMakeFiles/MotorPID.elf.dir/Core/Src/tim.c.obj
                0x20000a9c                htim1
 .bss.htim2     0x20000ae4       0x48 CMakeFiles/MotorPID.elf.dir/Core/Src/tim.c.obj
                0x20000ae4                htim2
 .bss.htim3     0x20000b2c       0x48 CMakeFiles/MotorPID.elf.dir/Core/Src/tim.c.obj
                0x20000b2c                htim3
 .bss.huart1    0x20000b74       0x48 CMakeFiles/MotorPID.elf.dir/Core/Src/usart.c.obj
                0x20000b74                huart1
 .bss.uwTick    0x20000bbc        0x4 CMakeFiles/MotorPID.elf.dir/Drivers/STM32F1xx_HAL_Driver/Src/stm32f1xx_hal.c.obj
                0x20000bbc                uwTick
 .bss.__lock___malloc_recursive_mutex
                0x20000bc0        0x1 c:/gcc-arm-none-eabi-10.3-2021.10/bin/../lib/gcc/arm-none-eabi/10.3.1/../../../../arm-none-eabi/lib/thumb/v7-m/nofp\libg.a(lib_a-lock.o)
                0x20000bc0                __lock___malloc_recursive_mutex
 *fill*         0x20000bc1        0x3 
 .bss.__lock___sfp_recursive_mutex
                0x20000bc4        0x1 c:/gcc-arm-none-eabi-10.3-2021.10/bin/../lib/gcc/arm-none-eabi/10.3.1/../../../../arm-none-eabi/lib/thumb/v7-m/nofp\libg.a(lib_a-lock.o)
                0x20000bc4                __lock___sfp_recursive_mutex
 *fill*         0x20000bc5        0x3 
 .bss.__lock___sinit_recursive_mutex
                0x20000bc8        0x1 c:/gcc-arm-none-eabi-10.3-2021.10/bin/../lib/gcc/arm-none-eabi/10.3.1/../../../../arm-none-eabi/lib/thumb/v7-m/nofp\libg.a(lib_a-lock.o)
                0x20000bc8                __lock___sinit_recursive_mutex
 *fill*         0x20000bc9        0x3 
 .bss.__malloc_current_mallinfo
                0x20000bcc       0x28 c:/gcc-arm-none-eabi-10.3-2021.10/bin/../lib/gcc/arm-none-eabi/10.3.1/../../../../arm-none-eabi/lib/thumb/v7-m/nofp\libg.a(lib_a-mallocr.o)
                0x20000bcc                __malloc_current_mallinfo
 .bss.__malloc_max_sbrked_mem
                0x20000bf4        0x4 c:/gcc-arm-none-eabi-10.3-2021.10/bin/../lib/gcc/arm-none-eabi/10.3.1/../../../../arm-none-eabi/lib/thumb/v7-m/nofp\libg.a(lib_a-mallocr.o)
                0x20000bf4                __malloc_max_sbrked_mem
 .bss.__malloc_max_total_mem
                0x20000bf8        0x4 c:/gcc-arm-none-eabi-10.3-2021.10/bin/../lib/gcc/arm-none-eabi/10.3.1/../../../../arm-none-eabi/lib/thumb/v7-m/nofp\libg.a(lib_a-mallocr.o)
                0x20000bf8                __malloc_max_total_mem
 .bss.__malloc_top_pad
                0x20000bfc        0x4 c:/gcc-arm-none-eabi-10.3-2021.10/bin/../lib/gcc/arm-none-eabi/10.3.1/../../../../arm-none-eabi/lib/thumb/v7-m/nofp\libg.a(lib_a-mallocr.o)
                0x20000bfc                __malloc_top_pad
 .bss.errno     0x20000c00        0x4 c:/gcc-arm-none-eabi-10.3-2021.10/bin/../lib/gcc/arm-none-eabi/10.3.1/../../../../arm-none-eabi/lib/thumb/v7-m/nofp\libg.a(lib_a-reent.o)
                0x20000c00                errno
 *(COMMON)
                0x20000c04                . = ALIGN (0x4)
                0x20000c04                _ebss = .
                0x20000c04                __bss_end__ = _ebss

._user_heap_stack
                0x20000c04      0x604 load address 0x0800bcfc
                0x20000c08                . = ALIGN (0x8)
 *fill*         0x20000c04        0x4 
                [!provide]                PROVIDE (end = .)
                0x20000c08                PROVIDE (_end = .)
                0x20000e08                . = (. + _Min_Heap_Size)
 *fill*         0x20000c08      0x200 
                0x20001208                . = (. + _Min_Stack_Size)
 *fill*         0x20000e08      0x400 
                0x20001208                . = ALIGN (0x8)

/DISCARD/
 libc.a(*)
 libm.a(*)
 libgcc.a(*)

.ARM.attributes
                0x00000000       0x29
 *(.ARM.attributes)
 .ARM.attributes
                0x00000000       0x1d c:/gcc-arm-none-eabi-10.3-2021.10/bin/../lib/gcc/arm-none-eabi/10.3.1/thumb/v7-m/nofp/crti.o
 .ARM.attributes
                0x0000001d       0x2d CMakeFiles/MotorPID.elf.dir/Core/Src/Encoder.c.obj
 .ARM.attributes
                0x0000004a       0x2d CMakeFiles/MotorPID.elf.dir/Core/Src/Motor.c.obj
 .ARM.attributes
                0x00000077       0x2d CMakeFiles/MotorPID.elf.dir/Core/Src/NRF24L01.c.obj
 .ARM.attributes
                0x000000a4       0x2d CMakeFiles/MotorPID.elf.dir/Core/Src/OLED.c.obj
 .ARM.attributes
                0x000000d1       0x2d CMakeFiles/MotorPID.elf.dir/Core/Src/PID.c.obj
 .ARM.attributes
                0x000000fe       0x2d CMakeFiles/MotorPID.elf.dir/Core/Src/adc.c.obj
 .ARM.attributes
                0x0000012b       0x2d CMakeFiles/MotorPID.elf.dir/Core/Src/dma.c.obj
 .ARM.attributes
                0x00000158       0x2d CMakeFiles/MotorPID.elf.dir/Core/Src/gpio.c.obj
 .ARM.attributes
                0x00000185       0x2d CMakeFiles/MotorPID.elf.dir/Core/Src/main.c.obj
 .ARM.attributes
                0x000001b2       0x2d CMakeFiles/MotorPID.elf.dir/Core/Src/stm32f1xx_hal_msp.c.obj
 .ARM.attributes
                0x000001df       0x2d CMakeFiles/MotorPID.elf.dir/Core/Src/stm32f1xx_it.c.obj
 .ARM.attributes
                0x0000020c       0x2d CMakeFiles/MotorPID.elf.dir/Core/Src/syscalls.c.obj
 .ARM.attributes
                0x00000239       0x2d CMakeFiles/MotorPID.elf.dir/Core/Src/sysmem.c.obj
 .ARM.attributes
                0x00000266       0x2d CMakeFiles/MotorPID.elf.dir/Core/Src/system_stm32f1xx.c.obj
 .ARM.attributes
                0x00000293       0x2d CMakeFiles/MotorPID.elf.dir/Core/Src/tim.c.obj
 .ARM.attributes
                0x000002c0       0x2d CMakeFiles/MotorPID.elf.dir/Core/Src/usart.c.obj
 .ARM.attributes
                0x000002ed       0x21 CMakeFiles/MotorPID.elf.dir/Core/Startup/startup_stm32f103c8tx.s.obj
 .ARM.attributes
                0x0000030e       0x2d CMakeFiles/MotorPID.elf.dir/Drivers/STM32F1xx_HAL_Driver/Src/stm32f1xx_hal.c.obj
 .ARM.attributes
                0x0000033b       0x2d CMakeFiles/MotorPID.elf.dir/Drivers/STM32F1xx_HAL_Driver/Src/stm32f1xx_hal_adc.c.obj
 .ARM.attributes
                0x00000368       0x2d CMakeFiles/MotorPID.elf.dir/Drivers/STM32F1xx_HAL_Driver/Src/stm32f1xx_hal_adc_ex.c.obj
 .ARM.attributes
                0x00000395       0x2d CMakeFiles/MotorPID.elf.dir/Drivers/STM32F1xx_HAL_Driver/Src/stm32f1xx_hal_cortex.c.obj
 .ARM.attributes
                0x000003c2       0x2d CMakeFiles/MotorPID.elf.dir/Drivers/STM32F1xx_HAL_Driver/Src/stm32f1xx_hal_dma.c.obj
 .ARM.attributes
                0x000003ef       0x2d CMakeFiles/MotorPID.elf.dir/Drivers/STM32F1xx_HAL_Driver/Src/stm32f1xx_hal_gpio.c.obj
 .ARM.attributes
                0x0000041c       0x2d CMakeFiles/MotorPID.elf.dir/Drivers/STM32F1xx_HAL_Driver/Src/stm32f1xx_hal_rcc.c.obj
 .ARM.attributes
                0x00000449       0x2d CMakeFiles/MotorPID.elf.dir/Drivers/STM32F1xx_HAL_Driver/Src/stm32f1xx_hal_rcc_ex.c.obj
 .ARM.attributes
                0x00000476       0x2d CMakeFiles/MotorPID.elf.dir/Drivers/STM32F1xx_HAL_Driver/Src/stm32f1xx_hal_tim.c.obj
 .ARM.attributes
                0x000004a3       0x2d CMakeFiles/MotorPID.elf.dir/Drivers/STM32F1xx_HAL_Driver/Src/stm32f1xx_hal_tim_ex.c.obj
 .ARM.attributes
                0x000004d0       0x2d CMakeFiles/MotorPID.elf.dir/Drivers/STM32F1xx_HAL_Driver/Src/stm32f1xx_hal_uart.c.obj
 .ARM.attributes
                0x000004fd       0x1d c:/gcc-arm-none-eabi-10.3-2021.10/bin/../lib/gcc/arm-none-eabi/10.3.1/thumb/v7-m/nofp\libgcc.a(_arm_mulsf3.o)
 .ARM.attributes
                0x0000051a       0x1d c:/gcc-arm-none-eabi-10.3-2021.10/bin/../lib/gcc/arm-none-eabi/10.3.1/thumb/v7-m/nofp\libgcc.a(_arm_addsubdf3.o)
 .ARM.attributes
                0x00000537       0x1d c:/gcc-arm-none-eabi-10.3-2021.10/bin/../lib/gcc/arm-none-eabi/10.3.1/thumb/v7-m/nofp\libgcc.a(_arm_fixdfsi.o)
 .ARM.attributes
                0x00000554       0x1d c:/gcc-arm-none-eabi-10.3-2021.10/bin/../lib/gcc/arm-none-eabi/10.3.1/thumb/v7-m/nofp\libgcc.a(_arm_addsubsf3.o)
 .ARM.attributes
                0x00000571       0x1d c:/gcc-arm-none-eabi-10.3-2021.10/bin/../lib/gcc/arm-none-eabi/10.3.1/thumb/v7-m/nofp\libgcc.a(_arm_cmpsf2.o)
 .ARM.attributes
                0x0000058e       0x1d c:/gcc-arm-none-eabi-10.3-2021.10/bin/../lib/gcc/arm-none-eabi/10.3.1/thumb/v7-m/nofp\libgcc.a(_arm_fixsfsi.o)
 .ARM.attributes
                0x000005ab       0x2d c:/gcc-arm-none-eabi-10.3-2021.10/bin/../lib/gcc/arm-none-eabi/10.3.1/../../../../arm-none-eabi/lib/thumb/v7-m/nofp\libg.a(lib_a-errno.o)
 .ARM.attributes
                0x000005d8       0x2d c:/gcc-arm-none-eabi-10.3-2021.10/bin/../lib/gcc/arm-none-eabi/10.3.1/../../../../arm-none-eabi/lib/thumb/v7-m/nofp\libg.a(lib_a-impure.o)
 .ARM.attributes
                0x00000605       0x2d c:/gcc-arm-none-eabi-10.3-2021.10/bin/../lib/gcc/arm-none-eabi/10.3.1/../../../../arm-none-eabi/lib/thumb/v7-m/nofp\libg.a(lib_a-init.o)
 .ARM.attributes
                0x00000632       0x2d c:/gcc-arm-none-eabi-10.3-2021.10/bin/../lib/gcc/arm-none-eabi/10.3.1/../../../../arm-none-eabi/lib/thumb/v7-m/nofp\libg.a(lib_a-memset.o)
 .ARM.attributes
                0x0000065f       0x2d c:/gcc-arm-none-eabi-10.3-2021.10/bin/../lib/gcc/arm-none-eabi/10.3.1/../../../../arm-none-eabi/lib/thumb/v7-m/nofp\libg.a(lib_a-printf.o)
 .ARM.attributes
                0x0000068c       0x2d c:/gcc-arm-none-eabi-10.3-2021.10/bin/../lib/gcc/arm-none-eabi/10.3.1/../../../../arm-none-eabi/lib/thumb/v7-m/nofp\libg.a(lib_a-vfprintf.o)
 .ARM.attributes
                0x000006b9       0x2d c:/gcc-arm-none-eabi-10.3-2021.10/bin/../lib/gcc/arm-none-eabi/10.3.1/../../../../arm-none-eabi/lib/thumb/v7-m/nofp\libg.a(lib_a-wsetup.o)
 .ARM.attributes
                0x000006e6       0x2d c:/gcc-arm-none-eabi-10.3-2021.10/bin/../lib/gcc/arm-none-eabi/10.3.1/../../../../arm-none-eabi/lib/thumb/v7-m/nofp\libg.a(lib_a-dtoa.o)
 .ARM.attributes
                0x00000713       0x2d c:/gcc-arm-none-eabi-10.3-2021.10/bin/../lib/gcc/arm-none-eabi/10.3.1/../../../../arm-none-eabi/lib/thumb/v7-m/nofp\libg.a(lib_a-fflush.o)
 .ARM.attributes
                0x00000740       0x2d c:/gcc-arm-none-eabi-10.3-2021.10/bin/../lib/gcc/arm-none-eabi/10.3.1/../../../../arm-none-eabi/lib/thumb/v7-m/nofp\libg.a(lib_a-findfp.o)
 .ARM.attributes
                0x0000076d       0x2d c:/gcc-arm-none-eabi-10.3-2021.10/bin/../lib/gcc/arm-none-eabi/10.3.1/../../../../arm-none-eabi/lib/thumb/v7-m/nofp\libg.a(lib_a-freer.o)
 .ARM.attributes
                0x0000079a       0x2d c:/gcc-arm-none-eabi-10.3-2021.10/bin/../lib/gcc/arm-none-eabi/10.3.1/../../../../arm-none-eabi/lib/thumb/v7-m/nofp\libg.a(lib_a-fwalk.o)
 .ARM.attributes
                0x000007c7       0x2d c:/gcc-arm-none-eabi-10.3-2021.10/bin/../lib/gcc/arm-none-eabi/10.3.1/../../../../arm-none-eabi/lib/thumb/v7-m/nofp\libg.a(lib_a-localeconv.o)
 .ARM.attributes
                0x000007f4       0x2d c:/gcc-arm-none-eabi-10.3-2021.10/bin/../lib/gcc/arm-none-eabi/10.3.1/../../../../arm-none-eabi/lib/thumb/v7-m/nofp\libg.a(lib_a-lock.o)
 .ARM.attributes
                0x00000821       0x2d c:/gcc-arm-none-eabi-10.3-2021.10/bin/../lib/gcc/arm-none-eabi/10.3.1/../../../../arm-none-eabi/lib/thumb/v7-m/nofp\libg.a(lib_a-makebuf.o)
 .ARM.attributes
                0x0000084e       0x2d c:/gcc-arm-none-eabi-10.3-2021.10/bin/../lib/gcc/arm-none-eabi/10.3.1/../../../../arm-none-eabi/lib/thumb/v7-m/nofp\libg.a(lib_a-mallocr.o)
 .ARM.attributes
                0x0000087b       0x2d c:/gcc-arm-none-eabi-10.3-2021.10/bin/../lib/gcc/arm-none-eabi/10.3.1/../../../../arm-none-eabi/lib/thumb/v7-m/nofp\libg.a(lib_a-memchr-stub.o)
 .ARM.attributes
                0x000008a8       0x1b c:/gcc-arm-none-eabi-10.3-2021.10/bin/../lib/gcc/arm-none-eabi/10.3.1/../../../../arm-none-eabi/lib/thumb/v7-m/nofp\libg.a(lib_a-memcpy.o)
 .ARM.attributes
                0x000008c3       0x2d c:/gcc-arm-none-eabi-10.3-2021.10/bin/../lib/gcc/arm-none-eabi/10.3.1/../../../../arm-none-eabi/lib/thumb/v7-m/nofp\libg.a(lib_a-mlock.o)
 .ARM.attributes
                0x000008f0       0x2d c:/gcc-arm-none-eabi-10.3-2021.10/bin/../lib/gcc/arm-none-eabi/10.3.1/../../../../arm-none-eabi/lib/thumb/v7-m/nofp\libg.a(lib_a-mprec.o)
 .ARM.attributes
                0x0000091d       0x2d c:/gcc-arm-none-eabi-10.3-2021.10/bin/../lib/gcc/arm-none-eabi/10.3.1/../../../../arm-none-eabi/lib/thumb/v7-m/nofp\libg.a(lib_a-s_frexp.o)
 .ARM.attributes
                0x0000094a       0x2d c:/gcc-arm-none-eabi-10.3-2021.10/bin/../lib/gcc/arm-none-eabi/10.3.1/../../../../arm-none-eabi/lib/thumb/v7-m/nofp\libg.a(lib_a-sbrkr.o)
 .ARM.attributes
                0x00000977       0x2d c:/gcc-arm-none-eabi-10.3-2021.10/bin/../lib/gcc/arm-none-eabi/10.3.1/../../../../arm-none-eabi/lib/thumb/v7-m/nofp\libg.a(lib_a-stdio.o)
 .ARM.attributes
                0x000009a4       0x2d c:/gcc-arm-none-eabi-10.3-2021.10/bin/../lib/gcc/arm-none-eabi/10.3.1/../../../../arm-none-eabi/lib/thumb/v7-m/nofp\libg.a(lib_a-strlen-stub.o)
 .ARM.attributes
                0x000009d1       0x2d c:/gcc-arm-none-eabi-10.3-2021.10/bin/../lib/gcc/arm-none-eabi/10.3.1/../../../../arm-none-eabi/lib/thumb/v7-m/nofp\libg.a(lib_a-strncpy.o)
 .ARM.attributes
                0x000009fe       0x2d c:/gcc-arm-none-eabi-10.3-2021.10/bin/../lib/gcc/arm-none-eabi/10.3.1/../../../../arm-none-eabi/lib/thumb/v7-m/nofp\libg.a(lib_a-vfiprintf.o)
 .ARM.attributes
                0x00000a2b       0x2d c:/gcc-arm-none-eabi-10.3-2021.10/bin/../lib/gcc/arm-none-eabi/10.3.1/../../../../arm-none-eabi/lib/thumb/v7-m/nofp\libg.a(lib_a-writer.o)
 .ARM.attributes
                0x00000a58       0x2d c:/gcc-arm-none-eabi-10.3-2021.10/bin/../lib/gcc/arm-none-eabi/10.3.1/../../../../arm-none-eabi/lib/thumb/v7-m/nofp\libg.a(lib_a-assert.o)
 .ARM.attributes
                0x00000a85       0x2d c:/gcc-arm-none-eabi-10.3-2021.10/bin/../lib/gcc/arm-none-eabi/10.3.1/../../../../arm-none-eabi/lib/thumb/v7-m/nofp\libg.a(lib_a-callocr.o)
 .ARM.attributes
                0x00000ab2       0x2d c:/gcc-arm-none-eabi-10.3-2021.10/bin/../lib/gcc/arm-none-eabi/10.3.1/../../../../arm-none-eabi/lib/thumb/v7-m/nofp\libg.a(lib_a-closer.o)
 .ARM.attributes
                0x00000adf       0x2d c:/gcc-arm-none-eabi-10.3-2021.10/bin/../lib/gcc/arm-none-eabi/10.3.1/../../../../arm-none-eabi/lib/thumb/v7-m/nofp\libg.a(lib_a-fclose.o)
 .ARM.attributes
                0x00000b0c       0x2d c:/gcc-arm-none-eabi-10.3-2021.10/bin/../lib/gcc/arm-none-eabi/10.3.1/../../../../arm-none-eabi/lib/thumb/v7-m/nofp\libg.a(lib_a-fiprintf.o)
 .ARM.attributes
                0x00000b39       0x2d c:/gcc-arm-none-eabi-10.3-2021.10/bin/../lib/gcc/arm-none-eabi/10.3.1/../../../../arm-none-eabi/lib/thumb/v7-m/nofp\libg.a(lib_a-fputwc.o)
 .ARM.attributes
                0x00000b66       0x2d c:/gcc-arm-none-eabi-10.3-2021.10/bin/../lib/gcc/arm-none-eabi/10.3.1/../../../../arm-none-eabi/lib/thumb/v7-m/nofp\libg.a(lib_a-fstatr.o)
 .ARM.attributes
                0x00000b93       0x2d c:/gcc-arm-none-eabi-10.3-2021.10/bin/../lib/gcc/arm-none-eabi/10.3.1/../../../../arm-none-eabi/lib/thumb/v7-m/nofp\libg.a(lib_a-fvwrite.o)
 .ARM.attributes
                0x00000bc0       0x2d c:/gcc-arm-none-eabi-10.3-2021.10/bin/../lib/gcc/arm-none-eabi/10.3.1/../../../../arm-none-eabi/lib/thumb/v7-m/nofp\libg.a(lib_a-isattyr.o)
 .ARM.attributes
                0x00000bed       0x2d c:/gcc-arm-none-eabi-10.3-2021.10/bin/../lib/gcc/arm-none-eabi/10.3.1/../../../../arm-none-eabi/lib/thumb/v7-m/nofp\libg.a(lib_a-locale.o)
 .ARM.attributes
                0x00000c1a       0x2d c:/gcc-arm-none-eabi-10.3-2021.10/bin/../lib/gcc/arm-none-eabi/10.3.1/../../../../arm-none-eabi/lib/thumb/v7-m/nofp\libg.a(lib_a-lseekr.o)
 .ARM.attributes
                0x00000c47       0x2d c:/gcc-arm-none-eabi-10.3-2021.10/bin/../lib/gcc/arm-none-eabi/10.3.1/../../../../arm-none-eabi/lib/thumb/v7-m/nofp\libg.a(lib_a-mbtowc_r.o)
 .ARM.attributes
                0x00000c74       0x2d c:/gcc-arm-none-eabi-10.3-2021.10/bin/../lib/gcc/arm-none-eabi/10.3.1/../../../../arm-none-eabi/lib/thumb/v7-m/nofp\libg.a(lib_a-memmove.o)
 .ARM.attributes
                0x00000ca1       0x2d c:/gcc-arm-none-eabi-10.3-2021.10/bin/../lib/gcc/arm-none-eabi/10.3.1/../../../../arm-none-eabi/lib/thumb/v7-m/nofp\libg.a(lib_a-readr.o)
 .ARM.attributes
                0x00000cce       0x2d c:/gcc-arm-none-eabi-10.3-2021.10/bin/../lib/gcc/arm-none-eabi/10.3.1/../../../../arm-none-eabi/lib/thumb/v7-m/nofp\libg.a(lib_a-reallocr.o)
 .ARM.attributes
                0x00000cfb       0x2d c:/gcc-arm-none-eabi-10.3-2021.10/bin/../lib/gcc/arm-none-eabi/10.3.1/../../../../arm-none-eabi/lib/thumb/v7-m/nofp\libg.a(lib_a-reent.o)
 .ARM.attributes
                0x00000d28       0x2d c:/gcc-arm-none-eabi-10.3-2021.10/bin/../lib/gcc/arm-none-eabi/10.3.1/../../../../arm-none-eabi/lib/thumb/v7-m/nofp\libg.a(lib_a-wbuf.o)
 .ARM.attributes
                0x00000d55       0x2d c:/gcc-arm-none-eabi-10.3-2021.10/bin/../lib/gcc/arm-none-eabi/10.3.1/../../../../arm-none-eabi/lib/thumb/v7-m/nofp\libg.a(lib_a-wcrtomb.o)
 .ARM.attributes
                0x00000d82       0x2d c:/gcc-arm-none-eabi-10.3-2021.10/bin/../lib/gcc/arm-none-eabi/10.3.1/../../../../arm-none-eabi/lib/thumb/v7-m/nofp\libg.a(lib_a-wctomb_r.o)
 .ARM.attributes
                0x00000daf       0x2d c:/gcc-arm-none-eabi-10.3-2021.10/bin/../lib/gcc/arm-none-eabi/10.3.1/../../../../arm-none-eabi/lib/thumb/v7-m/nofp\libg.a(lib_a-abort.o)
 .ARM.attributes
                0x00000ddc       0x2d c:/gcc-arm-none-eabi-10.3-2021.10/bin/../lib/gcc/arm-none-eabi/10.3.1/../../../../arm-none-eabi/lib/thumb/v7-m/nofp\libg.a(lib_a-ctype_.o)
 .ARM.attributes
                0x00000e09       0x2d c:/gcc-arm-none-eabi-10.3-2021.10/bin/../lib/gcc/arm-none-eabi/10.3.1/../../../../arm-none-eabi/lib/thumb/v7-m/nofp\libg.a(lib_a-signal.o)
 .ARM.attributes
                0x00000e36       0x2d c:/gcc-arm-none-eabi-10.3-2021.10/bin/../lib/gcc/arm-none-eabi/10.3.1/../../../../arm-none-eabi/lib/thumb/v7-m/nofp\libg.a(lib_a-signalr.o)
 .ARM.attributes
                0x00000e63       0x1d c:/gcc-arm-none-eabi-10.3-2021.10/bin/../lib/gcc/arm-none-eabi/10.3.1/thumb/v7-m/nofp\libgcc.a(_arm_muldivdf3.o)
 .ARM.attributes
                0x00000e80       0x1d c:/gcc-arm-none-eabi-10.3-2021.10/bin/../lib/gcc/arm-none-eabi/10.3.1/thumb/v7-m/nofp\libgcc.a(_arm_cmpdf2.o)
 .ARM.attributes
                0x00000e9d       0x1d c:/gcc-arm-none-eabi-10.3-2021.10/bin/../lib/gcc/arm-none-eabi/10.3.1/thumb/v7-m/nofp\libgcc.a(_arm_unorddf2.o)
 .ARM.attributes
                0x00000eba       0x1d c:/gcc-arm-none-eabi-10.3-2021.10/bin/../lib/gcc/arm-none-eabi/10.3.1/thumb/v7-m/nofp\libgcc.a(_aeabi_uldivmod.o)
 .ARM.attributes
                0x00000ed7       0x2d c:/gcc-arm-none-eabi-10.3-2021.10/bin/../lib/gcc/arm-none-eabi/10.3.1/thumb/v7-m/nofp\libgcc.a(_udivmoddi4.o)
 .ARM.attributes
                0x00000f04       0x1d c:/gcc-arm-none-eabi-10.3-2021.10/bin/../lib/gcc/arm-none-eabi/10.3.1/thumb/v7-m/nofp\libgcc.a(_dvmd_tls.o)
 .ARM.attributes
                0x00000f21       0x1d c:/gcc-arm-none-eabi-10.3-2021.10/bin/../lib/gcc/arm-none-eabi/10.3.1/thumb/v7-m/nofp/crtn.o
OUTPUT(MotorPID.elf elf32-littlearm)
LOAD linker stubs
LOAD c:/gcc-arm-none-eabi-10.3-2021.10/bin/../lib/gcc/arm-none-eabi/10.3.1/../../../../arm-none-eabi/lib/thumb/v7-m/nofp\libc.a
LOAD c:/gcc-arm-none-eabi-10.3-2021.10/bin/../lib/gcc/arm-none-eabi/10.3.1/../../../../arm-none-eabi/lib/thumb/v7-m/nofp\libm.a
LOAD c:/gcc-arm-none-eabi-10.3-2021.10/bin/../lib/gcc/arm-none-eabi/10.3.1/thumb/v7-m/nofp\libgcc.a

.debug_info     0x00000000    0x16665
 .debug_info    0x00000000      0x658 CMakeFiles/MotorPID.elf.dir/Core/Src/Encoder.c.obj
 .debug_info    0x00000658      0x787 CMakeFiles/MotorPID.elf.dir/Core/Src/Motor.c.obj
 .debug_info    0x00000ddf      0x940 CMakeFiles/MotorPID.elf.dir/Core/Src/NRF24L01.c.obj
 .debug_info    0x0000171f      0xc8b CMakeFiles/MotorPID.elf.dir/Core/Src/OLED.c.obj
 .debug_info    0x000023aa      0x533 CMakeFiles/MotorPID.elf.dir/Core/Src/PID.c.obj
 .debug_info    0x000028dd      0x998 CMakeFiles/MotorPID.elf.dir/Core/Src/adc.c.obj
 .debug_info    0x00003275      0x2f4 CMakeFiles/MotorPID.elf.dir/Core/Src/dma.c.obj
 .debug_info    0x00003569      0x5ad CMakeFiles/MotorPID.elf.dir/Core/Src/gpio.c.obj
 .debug_info    0x00003b16     0x14bd CMakeFiles/MotorPID.elf.dir/Core/Src/main.c.obj
 .debug_info    0x00004fd3      0x211 CMakeFiles/MotorPID.elf.dir/Core/Src/stm32f1xx_hal_msp.c.obj
 .debug_info    0x000051e4      0x7d1 CMakeFiles/MotorPID.elf.dir/Core/Src/stm32f1xx_it.c.obj
 .debug_info    0x000059b5      0x7af CMakeFiles/MotorPID.elf.dir/Core/Src/syscalls.c.obj
 .debug_info    0x00006164      0x174 CMakeFiles/MotorPID.elf.dir/Core/Src/sysmem.c.obj
 .debug_info    0x000062d8      0x248 CMakeFiles/MotorPID.elf.dir/Core/Src/system_stm32f1xx.c.obj
 .debug_info    0x00006520      0xfc5 CMakeFiles/MotorPID.elf.dir/Core/Src/tim.c.obj
 .debug_info    0x000074e5      0x950 CMakeFiles/MotorPID.elf.dir/Core/Src/usart.c.obj
 .debug_info    0x00007e35       0x22 CMakeFiles/MotorPID.elf.dir/Core/Startup/startup_stm32f103c8tx.s.obj
 .debug_info    0x00007e57      0x7a8 CMakeFiles/MotorPID.elf.dir/Drivers/STM32F1xx_HAL_Driver/Src/stm32f1xx_hal.c.obj
 .debug_info    0x000085ff      0xf3f CMakeFiles/MotorPID.elf.dir/Drivers/STM32F1xx_HAL_Driver/Src/stm32f1xx_hal_adc.c.obj
 .debug_info    0x0000953e      0xc40 CMakeFiles/MotorPID.elf.dir/Drivers/STM32F1xx_HAL_Driver/Src/stm32f1xx_hal_adc_ex.c.obj
 .debug_info    0x0000a17e      0xd8a CMakeFiles/MotorPID.elf.dir/Drivers/STM32F1xx_HAL_Driver/Src/stm32f1xx_hal_cortex.c.obj
 .debug_info    0x0000af08      0x84b CMakeFiles/MotorPID.elf.dir/Drivers/STM32F1xx_HAL_Driver/Src/stm32f1xx_hal_dma.c.obj
 .debug_info    0x0000b753      0x66f CMakeFiles/MotorPID.elf.dir/Drivers/STM32F1xx_HAL_Driver/Src/stm32f1xx_hal_gpio.c.obj
 .debug_info    0x0000bdc2      0xa3b CMakeFiles/MotorPID.elf.dir/Drivers/STM32F1xx_HAL_Driver/Src/stm32f1xx_hal_rcc.c.obj
 .debug_info    0x0000c7fd      0x449 CMakeFiles/MotorPID.elf.dir/Drivers/STM32F1xx_HAL_Driver/Src/stm32f1xx_hal_rcc_ex.c.obj